<header>ESISODP_SDP_1_20171124_3394971.out|3394971||Netik Outbound|SOD Position|ES|N|DP.SPO_SOD_POSITIONS|SOURCE_ID|ORG_ID|INSTR_ID|ASSET_TYPE|ACCT_ID|VALN_DATE|RUN_DATE|VALN_POINT_ID|INQUIRY_BASIS|PK_ID |PFOLIO_CCY|ISSUE_CCY|LONG_SHORT_IND|BALANCE_TYPE|VALUATION_P|VALUATION_L|BOOK_COST_P|BOOK_COST_L|ACCRUED_INC_P|ACCRUED_INC_L|NOMINAL|PRICE_L|PRICE_DATE|MATURITY_DATE|DEAL_DATE|INTEREST_RATE|TERM_DAYS|ACCRUED_INC_DAYS|TRAN_ID|PRICING_FACTOR|DWH_EXTRACT_BATCHID|DWH_LAST_UPD_TMS|PRICE_POLICY_CODE|ORIG_QUANTITY|UNSETTLED_PURC_UNITS|UNSETTLED_SALE_UNITS|NDF_FIX_DATE|NDF_PAY_CCY|1</header>
HIPORTUK|ESI|MD_501198|STOCK|ALGLVE|${AS_OF_TMS}|${ADJST_TMS}|1|10|HIPORTUK~ESI~MD_488472~ALGLVE~${AS_OF_TMS}~${ADJST_TMS}~1~10~~~2017-DEC-19~BA9DB6C68937D180EF4A9AB3A6FE5A73|USD|AUD|L||1524609.43|2000000.00|0.00|0.00|574.34|753.42|2000000.0000|100.000000|${PRICE_DATE}|2017-DEC-19||||||.01|3394971|${ADJST_TMS} 16:11:44|S       |2000000|0.000000|0.000000||
HIPORTUK|ESI|MD_501506|STOCK|AJIUIB|${AS_OF_TMS}|${ADJST_TMS}|1|10|HIPORTUK~ESI~MD_488483~AJIUIB~${AS_OF_TMS}~${ADJST_TMS}~1~10~~~~40A17D6F4B2063F045E8F71B659D97DF|JPY|USD|S||-339714500.89|-3053750.00|-347138106.25|-3120482.02|||-5000.0000|610.750000|${PRICE_DATE}|||||||1|3394971|${ADJST_TMS} 16:11:46|S       ||0.000000|0.000000||
HIPORTUK|ESI|MD_407098|STOCK|AJIUIB|${AS_OF_TMS}|${ADJST_TMS}|1|10|HIPORTUK~ESI~MD_488472~AJIUIB~${AS_OF_TMS}~${ADJST_TMS}~1~10~~~2017-DEC-19~BA9DB6C68937D180EF4A9AB3A6FE5A73|JPY|AUD|L||2524609.43|4000000.00|0.00|0.00|574.34|753.42|4000000.0000|100.000000|${PRICE_DATE}|2017-DEC-19||||||.01|3394971|${ADJST_TMS} 16:11:44|S       |4000000|0.000000|0.000000||
