<header>ESISODP_SDP_1_${PUBLISH_DATE_IN}_4342958.out|4342958||Netik Outbound|SOD Position|ES|N|DP.SPO_SOD_POSITIONS|SOURCE_ID|ORG_ID|INSTR_ID|ASSET_TYPE|ACCT_ID|VALN_DATE|RUN_DATE|VALN_POINT_ID|INQUIRY_BASIS|PK_ID |PFOLIO_CCY|ISSUE_CCY|LONG_SHORT_IND|BALANCE_TYPE|VALUATION_P|VALUATION_L|BOOK_COST_P|BOOK_COST_L|ACCRUED_INC_P|ACCRUED_INC_L|NOMINAL|PRICE_L|PRICE_DATE|MATURITY_DATE|DEAL_DATE|INTEREST_RATE|TERM_DAYS|ACCRUED_INC_DAYS|TRAN_ID|PRICING_FACTOR|DWH_EXTRACT_BATCHID|DWH_LAST_UPD_TMS|PRICE_POLICY_CODE|ORIG_QUANTITY|UNSETTLED_PURC_UNITS|UNSETTLED_SALE_UNITS|NDF_FIX_DATE|NDF_PAY_CCY|1</header>
HIPORTUK|ESI|MD_474414|STOCK|16SUNE|${PUBLISH_DATE_IN}|${PUBLISH_DATE_IN}|1|10|HIPORTUK~ESI~MD_474414~16SUNE~${PUBLISH_DATE_IN}~${PUBLISH_DATE_IN}~1~10~~~2020-FEB-28~BF03BFAB221011A9530265FA6D69C468|SGD|SGD|L||1000197.48|1000197.48|997138.00|997138.00|215.75|215.75|1000000.0000|99.998173|${PUBLISH_DATE_IN}|2020-FEB-28||||3||.01|4342958|${PUBLISH_DATE_IN} 18:57:50|S       |1000000|0.000000|0.000000||
HIPORTUK|ESI|MD_359860|STOCK|16SUNE|${PUBLISH_DATE_IN}|${PUBLISH_DATE_IN}|1|10|HIPORTUK~ESI~MD_359860~16SUNE~${PUBLISH_DATE_IN}~${PUBLISH_DATE_IN}~1~10~~~2042-APR-01~229181857159A250080E082589013DA8|SGD|SGD|L||6520438.93|6520438.93|7029042.74|7029042.74|73663.93|73663.93|6450000.0000|99.950000|${PUBLISH_DATE_IN}|2042-APR-01||||152||.01|4342958|${PUBLISH_DATE_IN} 18:57:50|S       |6450000|0.000000|0.000000||
HIPORTUK|ESI|MD_450410|STOCK|16SUNE|${PUBLISH_DATE_IN}|${PUBLISH_DATE_IN}|1|10|HIPORTUK~ESI~MD_450410~16SUNE~${PUBLISH_DATE_IN}~${PUBLISH_DATE_IN}~1~10~~~2022-JUL-04~322D0F55F6CB16E357EE09669FDA2C9F|SGD|SGD|L||745284.64|745284.64|741825.00|741825.00|3301.23|3301.23|750000.0000|98.931121|${PUBLISH_DATE_IN}|2022-JUL-04||||58||.01|4342958|${PUBLISH_DATE_IN} 18:57:50|S       |750000|0.000000|0.000000||
HIPORTUK|ESI|MD_451538|STOCK|16SUNE|${PUBLISH_DATE_IN}|${PUBLISH_DATE_IN}|1|10|HIPORTUK~ESI~MD_451538~16SUNE~${PUBLISH_DATE_IN}~${PUBLISH_DATE_IN}~1~10~4.150000~~2028-MAY-19~C5F5C891E3DF73B1C261C3E7AA35EE54|SGD|SGD|L||518002.33|518002.33|513250.00|513250.00|5912.33|5912.33|500000.0000|102.418000|${PUBLISH_DATE_IN}|2028-MAY-19||4.150000||104||.01|4342958|${PUBLISH_DATE_IN} 18:57:50|S       |500000|0.000000|0.000000||
HIPORTUK|ESI|MD_383723|STOCK|16SUNE|${PUBLISH_DATE_IN}|${PUBLISH_DATE_IN}|1|10|HIPORTUK~ESI~MD_383723~16SUNE~${PUBLISH_DATE_IN}~${PUBLISH_DATE_IN}~1~10~~~2023-JUL-01~00D8098FE310E500F8CC39447344BE81|SGD|SGD|L||8382353.23|8382353.23|8510206.25|8510206.25|36923.23|36923.23|8100000.0000|103.030000|${PUBLISH_DATE_IN}|2023-JUL-01||||61||.01|4342958|${PUBLISH_DATE_IN} 18:57:50|S       |8100000|0.000000|0.000000||
HIPORTUK|ESI|MD_467224|STOCK|16SUNE|${PUBLISH_DATE_IN}|${PUBLISH_DATE_IN}|1|10|HIPORTUK~ESI~MD_467224~16SUNE~${PUBLISH_DATE_IN}~${PUBLISH_DATE_IN}~1~10~~~2029-FEB-27~653579659C8CD2FC6DAA41611F09BF13|SGD|SGD|L||1021104.56|1021104.56|1010909.09|1010909.09|383.56|383.56|1000000.0000|102.072100|${PUBLISH_DATE_IN}|2029-FEB-27||||4||.01|4342958|${PUBLISH_DATE_IN} 18:57:50|S       |1000000|0.000000|0.000000||
HIPORTUK|ESI|MD_472994|STOCK|16SUNE|${PUBLISH_DATE_IN}|${PUBLISH_DATE_IN}|1|10|HIPORTUK~ESI~MD_472994~16SUNE~${PUBLISH_DATE_IN}~${PUBLISH_DATE_IN}~1~10~3.750000~~2027-MAY-18~3ACBF5303255FF6FA6D164D692F04D39|SGD|SGD|L||2270276.26|2270276.26|2251750.00|2251750.00|24272.26|24272.26|2250000.0000|99.822400|${PUBLISH_DATE_IN}|2027-MAY-18||3.750000||105||.01|4342958|${PUBLISH_DATE_IN} 18:57:50|S       |2250000|0.000000|0.000000||
HIPORTUK|ESI|MD_483935|STOCK|16SUNE|${PUBLISH_DATE_IN}|${PUBLISH_DATE_IN}|1|10|HIPORTUK~ESI~MD_483935~16SUNE~${PUBLISH_DATE_IN}~${PUBLISH_DATE_IN}~1~10~~~2022-NOV-23~71466C4B4441494E5B55A324FC524A5E|SGD|SGD|L||2103197.90|2103197.90|2107700.00|2107700.00|23041.10|23041.10|2000000.0000|104.007840|${PUBLISH_DATE_IN}|2022-NOV-23||||100||.01|4342958|${PUBLISH_DATE_IN} 18:57:50|S       |2000000|0.000000|0.000000||
HIPORTUK|ESI|MD_496961|STOCK|16SUNE|${PUBLISH_DATE_IN}|${PUBLISH_DATE_IN}|1|10|HIPORTUK~ESI~MD_496961~16SUNE~${PUBLISH_DATE_IN}~${PUBLISH_DATE_IN}~1~10~~~2025-MAR-14~3E2F0C66BDAAEACA2D2C42A29ED968E4|SGD|SGD|L||256677.67|256677.67|250000.00|250000.00|3726.03|3726.03|250000.0000|101.180655|${PUBLISH_DATE_IN}|2025-MAR-14||||170||.01|4342958|${PUBLISH_DATE_IN} 18:57:50|S       |250000|0.000000|0.000000||
HIPORTUK|ESI|MD_168444|STOCK|16SUNE|${PUBLISH_DATE_IN}|${PUBLISH_DATE_IN}|1|10|HIPORTUK~ESI~MD_168444~16SUNE~${PUBLISH_DATE_IN}~${PUBLISH_DATE_IN}~1~10~~~2020-SEP-01~C5C38C1C8A32587BB8B336311FBE507A|SGD|SGD|L||9242205.16|9242205.16|||-794.84|-794.84|9000000.0000|102.700000|${PUBLISH_DATE_IN}|2020-SEP-01||||-1||.01|4342958|${PUBLISH_DATE_IN} 18:57:50|S       |9000000|0.000000|0.000000||
HIPORTUK|ESI|MD_367603|STOCK|16SUNE|${PUBLISH_DATE_IN}|${PUBLISH_DATE_IN}|1|10|HIPORTUK~ESI~MD_367603~16SUNE~${PUBLISH_DATE_IN}~${PUBLISH_DATE_IN}~1~10~~~2027-AUG-23~6288CB9621FC837235730091148FFA21|SGD|SGD|L||3080128.50|3080128.50|3157800.00|3157800.00|2400.00|2400.00|3000000.0000|102.590950|${PUBLISH_DATE_IN}|2027-AUG-23||||8||.01|4342958|${PUBLISH_DATE_IN} 18:57:50|S       |3000000|0.000000|0.000000||
HIPORTUK|ESI|MD_420116|STOCK|16SUNE|${PUBLISH_DATE_IN}|${PUBLISH_DATE_IN}|1|10|HIPORTUK~ESI~MD_420116~16SUNE~${PUBLISH_DATE_IN}~${PUBLISH_DATE_IN}~1~10~~~2025-JUN-01~BDFB343788DDB74023828A31B0C04C51|SGD|SGD|L||3244496.17|3244496.17|3310060.00|3310060.00|18896.17|18896.17|3200000.0000|100.800000|${PUBLISH_DATE_IN}|2025-JUN-01||||91||.01|4342958|${PUBLISH_DATE_IN} 18:57:50|S       |3200000|0.000000|0.000000||
HIPORTUK|ESI|MD_435896|STOCK|16SUNE|${PUBLISH_DATE_IN}|${PUBLISH_DATE_IN}|1|10|HIPORTUK~ESI~MD_435896~16SUNE~${PUBLISH_DATE_IN}~${PUBLISH_DATE_IN}~1~10~4.050000~~2025-DEC-02~D1E1AEA7A3AC09C605A80D86FC645D50|SGD|SGD|L||2366104.28|2366104.28|2384653.85|2384653.85|22469.18|22469.18|2250000.0000|104.161560|${PUBLISH_DATE_IN}|2025-DEC-02||4.050000||90||.01|4342958|${PUBLISH_DATE_IN} 18:57:50|S       |2250000|0.000000|0.000000||
HIPORTUK|ESI|MD_471738|STOCK|16SUNE|${PUBLISH_DATE_IN}|${PUBLISH_DATE_IN}|1|10|HIPORTUK~ESI~MD_471738~16SUNE~${PUBLISH_DATE_IN}~${PUBLISH_DATE_IN}~1~10~3.900000~~2027-APR-27~7629CA71C24271675CF93E514F9C0108|SGD|SGD|L||1018824.01|1018824.01|1000000.00|1000000.00|13463.01|13463.01|1000000.0000|100.536100|${PUBLISH_DATE_IN}|2027-APR-27||3.900000||126||.01|4342958|${PUBLISH_DATE_IN} 18:57:50|S       |1000000|0.000000|0.000000||
HIPORTUK|ESI|MD_478082|STOCK|16SUNE|${PUBLISH_DATE_IN}|${PUBLISH_DATE_IN}|1|10|HIPORTUK~ESI~MD_478082~16SUNE~${PUBLISH_DATE_IN}~${PUBLISH_DATE_IN}~1~10~~~2024-JUL-26~88354BC1139146B9D883FDD6375C2015|SGD|SGD|L||738952.79|738952.79|750000.00|750000.00|2071.23|2071.23|750000.0000|98.250875|${PUBLISH_DATE_IN}|2024-JUL-26||||36||.01|4342958|${PUBLISH_DATE_IN} 18:57:50|S       |750000|0.000000|0.000000||
HIPORTUK|ESI|MD_480224|STOCK|16SUNE|${PUBLISH_DATE_IN}|${PUBLISH_DATE_IN}|1|10|HIPORTUK~ESI~MD_480224~16SUNE~${PUBLISH_DATE_IN}~${PUBLISH_DATE_IN}~1~10~~~2049-AUG-25~BC90B0C377CECE0CE81B300B7A4DC258|SGD|SGD|L||1010978.86|1010978.86|1013600.00|1013600.00|624.66|624.66|1000000.0000|101.035420|${PUBLISH_DATE_IN}|2049-AUG-25||||6||.01|4342958|${PUBLISH_DATE_IN} 18:57:50|S       |1000000|0.000000|0.000000||
HIPORTUK|ESI|MD_349946|STOCK|16SUNE|${PUBLISH_DATE_IN}|${PUBLISH_DATE_IN}|1|10|HIPORTUK~ESI~MD_349946~16SUNE~${PUBLISH_DATE_IN}~${PUBLISH_DATE_IN}~1~10~~~2024-SEP-01~CB712334CE31E52FBA504A030079DF48|SGD|SGD|L||2092636.96|2092636.96|2174853.15|2174853.15|-163.04|-163.04|2000000.0000|104.640000|${PUBLISH_DATE_IN}|2024-SEP-01||||-1||.01|4342958|${PUBLISH_DATE_IN} 18:57:50|S       |2000000|0.000000|0.000000||
HIPORTUK|ESI|MD_448140|STOCK|16SUNE|${PUBLISH_DATE_IN}|${PUBLISH_DATE_IN}|1|10|HIPORTUK~ESI~MD_448140~16SUNE~${PUBLISH_DATE_IN}~${PUBLISH_DATE_IN}~1~10~~~2026-JUN-01~FA3A8EFFABE1EEC07AA47DAAD15F9D25|SGD|SGD|L||5956700.82|5956700.82|6012830.70|6012830.70|31700.82|31700.82|6000000.0000|98.750000|${PUBLISH_DATE_IN}|2026-JUN-01||||91||.01|4342958|${PUBLISH_DATE_IN} 18:57:50|S       |6000000|0.000000|0.000000||
HIPORTUK|ESI|MD_435439|STOCK|16SUNE|${PUBLISH_DATE_IN}|${PUBLISH_DATE_IN}|1|10|HIPORTUK~ESI~MD_435439~16SUNE~${PUBLISH_DATE_IN}~${PUBLISH_DATE_IN}~1~10~~~2018-OCT-28~5B3E5D22F5D443FF236A2148E6DE601C|SGD|SGD|L||2038145.85|2038145.85|2091200.00|2091200.00|29452.05|29452.05|2000000.0000|100.434690|${PUBLISH_DATE_IN}|2018-OCT-28||||125||.01|4342958|${PUBLISH_DATE_IN} 18:57:50|S       |2000000|0.000000|250000.000000||
HIPORTUK|ESI|MD_485750|STOCK|16SUNE|${PUBLISH_DATE_IN}|${PUBLISH_DATE_IN}|1|10|HIPORTUK~ESI~MD_485750~16SUNE~${PUBLISH_DATE_IN}~${PUBLISH_DATE_IN}~1~10~~~2019-OCT-28~323D06B32E56F88A2CC094EF5006DFA2|SGD|SGD|L||2005103.26|2005103.26|2000000.00|2000000.00|13877.26|13877.26|2000000.0000|99.561300|${PUBLISH_DATE_IN}|2019-OCT-28||||126||.01|4342958|${PUBLISH_DATE_IN} 18:57:50|S       |2000000|0.000000|0.000000||
HIPORTUK|ESI|MD_496201|STOCK|16SUNE|${PUBLISH_DATE_IN}|${PUBLISH_DATE_IN}|1|10|HIPORTUK~ESI~MD_496201~16SUNE~${PUBLISH_DATE_IN}~${PUBLISH_DATE_IN}~1~10~~~2023-FEB-28~C87FF8CFE3B18D83082D1EF205237346|SGD|SGD|L||251333.76|251333.76|250000.00|250000.00|65.45|65.45|250000.0000|100.507325|${PUBLISH_DATE_IN}|2023-FEB-28||||3||.01|4342958|${PUBLISH_DATE_IN} 18:57:50|S       |250000|0.000000|0.000000||
HIPORTUK|ESI|MD_452589|STOCK|16SUNE|${PUBLISH_DATE_IN}|${PUBLISH_DATE_IN}|1|10|HIPORTUK~ESI~MD_452589~16SUNE~${PUBLISH_DATE_IN}~${PUBLISH_DATE_IN}~1~10~~~2036-AUG-01~12F013D81801134A01D061A92DC03154|SGD|SGD|L||1836206.27|1836206.27|1942091.67|1942091.67|3576.77|3576.77|1950000.0000|93.981000|${PUBLISH_DATE_IN}|2036-AUG-01||||30||.01|4342958|${PUBLISH_DATE_IN} 18:57:50|S       |1950000|0.000000|0.000000||
HIPORTUK|ESI|MD_503878|STOCK|16SUNE|${PUBLISH_DATE_IN}|${PUBLISH_DATE_IN}|1|10|HIPORTUK~ESI~MD_503878~16SUNE~${PUBLISH_DATE_IN}~${PUBLISH_DATE_IN}~1~10~~~2023-NOV-09~8A42EBF641B9F301E269E6EA4A7B1170|SGD|SGD|L||510958.17|510958.17|500000.00|500000.00|5015.22|5015.22|500000.0000|101.188590|${PUBLISH_DATE_IN}|2023-NOV-09||||114||.01|4342958|${PUBLISH_DATE_IN} 18:57:50|S       |500000|0.000000|0.000000||
HIPORTUK|ESI|MD_508264|STOCK|16SUNE|${PUBLISH_DATE_IN}|${PUBLISH_DATE_IN}|1|10|HIPORTUK~ESI~MD_508264~16SUNE~${PUBLISH_DATE_IN}~${PUBLISH_DATE_IN}~1~10~~~2021-JUN-21~6B5481961451EC772F1CD9E64DBAE884|SGD|SGD|L||1022482.75|1022482.75|1000000.00|1000000.00|5617.75|5617.75|1000000.0000|101.686500|${PUBLISH_DATE_IN}|2021-JUN-21||||71||.01|4342958|${PUBLISH_DATE_IN} 18:57:50|S       |1000000|0.000000|0.000000||
HIPORTUK|ESI|MD_511817|STOCK|16SUNE|${PUBLISH_DATE_IN}|${PUBLISH_DATE_IN}|1|10|HIPORTUK~ESI~MD_511817~16SUNE~${PUBLISH_DATE_IN}~${PUBLISH_DATE_IN}~1~10~~~2023-JUL-24~E15C5432C038099B6FEB54BC17F74729|SGD|SGD|L||2009949.65|2009949.65|2000000.00|2000000.00|4997.83|4997.83|2000000.0000|100.247591|${PUBLISH_DATE_IN}|2023-JUL-24||||38||.01|4342958|${PUBLISH_DATE_IN} 18:57:50|S       |2000000|0.000000|0.000000||
HIPORTUK|ESI|MD_454148|STOCK|16SUNE|${PUBLISH_DATE_IN}|${PUBLISH_DATE_IN}|1|10|HIPORTUK~ESI~MD_454148~16SUNE~${PUBLISH_DATE_IN}~${PUBLISH_DATE_IN}~1~10~2.880000~~2027-MAR-08~C7B37AE0F4631BCA363CCE05760811CD|SGD|USD|L||664928.19|486365.00|681425.00|500000.00|9405.91|6880.00|500000.0000|95.897000|${PUBLISH_DATE_IN}|2027-MAR-08||2.880000||172||.01|4342958|${PUBLISH_DATE_IN} 18:57:50|S       |500000|0.000000|0.000000||
HIPORTUK|ESI|MD_467385|STOCK|16SUNE|${PUBLISH_DATE_IN}|${PUBLISH_DATE_IN}|1|10|HIPORTUK~ESI~MD_467385~16SUNE~${PUBLISH_DATE_IN}~${PUBLISH_DATE_IN}~1~10~~~2023-NOV-15~6135AB379897D1810DAD2A8D30A51A16|SGD|SGD|L||1491577.43|1491577.43|1500000.00|1500000.00|12405.21|12405.21|1500000.0000|98.611481|${PUBLISH_DATE_IN}|2023-NOV-15||||108||.01|4342958|${PUBLISH_DATE_IN} 18:57:50|S       |1500000|0.000000|0.000000||
HIPORTUK|ESI|MD_469849|STOCK|16SUNE|${PUBLISH_DATE_IN}|${PUBLISH_DATE_IN}|1|10|HIPORTUK~ESI~MD_469849~16SUNE~${PUBLISH_DATE_IN}~${PUBLISH_DATE_IN}~1~10~~~2022-APR-01~159E3FD5CD2B0EE6F2A2B7B474D0F979|SGD|SGD|L||2998703.28|2998703.28|2965000.00|2965000.00|21803.28|21803.28|3000000.0000|99.230000|${PUBLISH_DATE_IN}|2022-APR-01||||152||.01|4342958|${PUBLISH_DATE_IN} 18:57:50|S       |3000000|0.000000|0.000000||
HIPORTUK|ESI|MD_478312|STOCK|16SUNE|${PUBLISH_DATE_IN}|${PUBLISH_DATE_IN}|1|10|HIPORTUK~ESI~MD_478312~16SUNE~${PUBLISH_DATE_IN}~${PUBLISH_DATE_IN}~1~10~~~2049-NOV-12~3C36053F6AED3766EF258CC6AFA32CB5|SGD|SGD|L||1264490.44|1264490.44|1252200.00|1252200.00|15015.41|15015.41|1250000.0000|99.958002|${PUBLISH_DATE_IN}|2049-NOV-12||||111||.01|4342958|${PUBLISH_DATE_IN} 18:57:50|S       |1250000|0.000000|0.000000||
HIPORTUK|ESI|MD_492759|STOCK|16SUNE|${PUBLISH_DATE_IN}|${PUBLISH_DATE_IN}|1|10|HIPORTUK~ESI~MD_492759~16SUNE~${PUBLISH_DATE_IN}~${PUBLISH_DATE_IN}~1~10~~~2028-JAN-19~B9CBEB97B63AAE852CE7D7E910A31341|SGD|SGD|L||1464115.58|1464115.58|1500000.00|1500000.00|5478.08|5478.08|1500000.0000|97.242500|${PUBLISH_DATE_IN}|2028-JAN-19||||43||.01|4342958|${PUBLISH_DATE_IN} 18:57:50|S       |1500000|0.000000|0.000000||
HIPORTUK|ESI|MD_512279|STOCK|16SUNE|${PUBLISH_DATE_IN}|${PUBLISH_DATE_IN}|1|10|HIPORTUK~ESI~MD_512279~16SUNE~${PUBLISH_DATE_IN}~${PUBLISH_DATE_IN}~1~10~~~2058-JUL-30~3A660222E4828ADB81EF759F3F8EEEC5|SGD|SGD|L||1786443.15|1786443.15|1750000.00|1750000.00|5293.15|5293.15|1750000.0000|101.780000|${PUBLISH_DATE_IN}|2058-JUL-30||||32||.01|4342958|${PUBLISH_DATE_IN} 18:57:50|S       |1750000|0.000000|0.000000||
HIPORTUK|ESI|MD_337519|STOCK|16SUNE|${PUBLISH_DATE_IN}|${PUBLISH_DATE_IN}|1|10|HIPORTUK~ESI~MD_337519~16SUNE~${PUBLISH_DATE_IN}~${PUBLISH_DATE_IN}~1~10~~~2030-SEP-01~AFA3E032C5D2B9773991A965963160F9|SGD|SGD|L||4301150.78|4301150.78|4511145.00|4511145.00|-324.22|-324.22|4150000.0000|103.650000|${PUBLISH_DATE_IN}|2030-SEP-01||||-1||.01|4342958|${PUBLISH_DATE_IN} 18:57:50|S       |4150000|0.000000|0.000000||
HIPORTUK|ESI|MD_517112|STOCK|16SUNE|${PUBLISH_DATE_IN}|${PUBLISH_DATE_IN}|1|10|HIPORTUK~ESI~MD_517112~16SUNE~${PUBLISH_DATE_IN}~${PUBLISH_DATE_IN}~1~10~~~2026-SEP-03~D8F696BF56EE90BCB06FC83344FCAEAD|SGD|SGD|L||1002330.00|1002330.00|1000000.00|1000000.00|0.00|0.00|1000000.0000|100.233000|${PUBLISH_DATE_IN}|2026-SEP-03||||0||.01|4342958|${PUBLISH_DATE_IN} 18:57:50|S       |1000000|1000000.000000|0.000000||
HIPORTUK|ESI|MD_438137|STOCK|16SUNE|${PUBLISH_DATE_IN}|${PUBLISH_DATE_IN}|1|10|HIPORTUK~ESI~MD_438137~16SUNE~${PUBLISH_DATE_IN}~${PUBLISH_DATE_IN}~1~10~~~2023-JAN-18~36228ED692B83525B52B615B03E5A204|SGD|SGD|L||1031960.98|1031960.98|1046975.00|1046975.00|4219.18|4219.18|1000000.0000|102.774180|${PUBLISH_DATE_IN}|2023-JAN-18||||44||.01|4342958|${PUBLISH_DATE_IN} 18:57:50|S       |1000000|0.000000|0.000000||
HIPORTUK|ESI|MD_441062|STOCK|16SUNE|${PUBLISH_DATE_IN}|${PUBLISH_DATE_IN}|1|10|HIPORTUK~ESI~MD_441062~16SUNE~${PUBLISH_DATE_IN}~${PUBLISH_DATE_IN}~1~10~~~2046-MAR-01~289BF180485B920828DB83BA2A902BD2|SGD|SGD|L||6527568.03|6527568.03|6763324.60|6763324.60|-489.47|-489.47|6550000.0000|99.665000|${PUBLISH_DATE_IN}|2046-MAR-01||||-1||.01|4342958|${PUBLISH_DATE_IN} 18:57:50|S       |6550000|0.000000|0.000000||
HIPORTUK|ESI|MD_484092|STOCK|16SUNE|${PUBLISH_DATE_IN}|${PUBLISH_DATE_IN}|1|10|HIPORTUK~ESI~MD_484092~16SUNE~${PUBLISH_DATE_IN}~${PUBLISH_DATE_IN}~1~10~~~2021-SEP-02~66C431C624615F490F97EC74611A847A|SGD|SGD|L||267762.09|267762.09|266525.00|266525.00|5609.59|5609.59|250000.0000|104.861000|${PUBLISH_DATE_IN}|2021-SEP-02||||182||.01|4342958|${PUBLISH_DATE_IN} 18:57:50|S       |250000|0.000000|0.000000||
HIPORTUK|ESI|MD_490500|STOCK|16SUNE|${PUBLISH_DATE_IN}|${PUBLISH_DATE_IN}|1|10|HIPORTUK~ESI~MD_490500~16SUNE~${PUBLISH_DATE_IN}~${PUBLISH_DATE_IN}~1~10~~~2029-NOV-21~9660D176ED31DB67A98AF9FCF0054D23|SGD|SGD|L||1962697.12|1962697.12|2000000.00|2000000.00|16767.12|16767.12|2000000.0000|97.296500|${PUBLISH_DATE_IN}|2029-NOV-21||||102||.01|4342958|${PUBLISH_DATE_IN} 18:57:50|S       |2000000|0.000000|0.000000||
HIPORTUK|ESI|MD_386474|STOCK|16SUNE|${PUBLISH_DATE_IN}|${PUBLISH_DATE_IN}|1|10|HIPORTUK~ESI~MD_386474~16SUNE~${PUBLISH_DATE_IN}~${PUBLISH_DATE_IN}~1~10~~~2033-SEP-01~64229D116D74FF32E37F4D1F11B91FEA|SGD|SGD|L||4095387.33|4095387.33|4335737.40|4335737.40|-343.92|-343.92|3750000.0000|109.219500|${PUBLISH_DATE_IN}|2033-SEP-01||||-1||.01|4342958|${PUBLISH_DATE_IN} 18:57:50|S       |3750000|0.000000|0.000000||
HIPORTUK|ESI|MD_467301|STOCK|16SUNE|${PUBLISH_DATE_IN}|${PUBLISH_DATE_IN}|1|10|HIPORTUK~ESI~MD_467301~16SUNE~${PUBLISH_DATE_IN}~${PUBLISH_DATE_IN}~1~10~4.875000~~2027-MAR-01~1A8309301BA82C5790ED0AF74A1F56AB|SGD|SGD|L||528370.89|528370.89|500000.00|500000.00|12220.89|12220.89|500000.0000|103.230000|${PUBLISH_DATE_IN}|2027-MAR-01||4.875000||183||.01|4342958|${PUBLISH_DATE_IN} 18:57:50|S       |500000|0.000000|0.000000||
HIPORTUK|ESI|MD_168445|STOCK|16SUNE|${PUBLISH_DATE_IN}|${PUBLISH_DATE_IN}|1|10|HIPORTUK~ESI~MD_168445~16SUNE~${PUBLISH_DATE_IN}~${PUBLISH_DATE_IN}~1~10~~~2022-SEP-01~3E601A0325B7B15986649D3119663974|SGD|SGD|L||3337648.26|3337648.26|3488856.78|3488856.78|-271.74|-271.74|3200000.0000|104.310000|${PUBLISH_DATE_IN}|2022-SEP-01||||-1||.01|4342958|${PUBLISH_DATE_IN} 18:57:50|S       |3200000|0.000000|0.000000||
HIPORTUK|ESI|MD_423135|STOCK|16SUNE|${PUBLISH_DATE_IN}|${PUBLISH_DATE_IN}|1|10|HIPORTUK~ESI~MD_423135~16SUNE~${PUBLISH_DATE_IN}~${PUBLISH_DATE_IN}~1~10~~~2020-JUL-01~B415CE74A08D047A76DE168742057AAA|SGD|SGD|L||3517833.26|3517833.26|3546850.00|3546850.00|11603.26|11603.26|3500000.0000|100.178000|${PUBLISH_DATE_IN}|2020-JUL-01||||61||.01|4342958|${PUBLISH_DATE_IN} 18:57:50|S       |3500000|0.000000|0.000000||
HIPORTUK|ESI|MD_474386|STOCK|16SUNE|${PUBLISH_DATE_IN}|${PUBLISH_DATE_IN}|1|10|HIPORTUK~ESI~MD_474386~16SUNE~${PUBLISH_DATE_IN}~${PUBLISH_DATE_IN}~1~10~~~2021-AUG-11~79C409474995CCBAAD1981C8D93F055D|SGD|SGD|L||998628.71|998628.71|996250.00|996250.00|1553.42|1553.42|1000000.0000|99.707529|${PUBLISH_DATE_IN}|2021-AUG-11||||20||.01|4342958|${PUBLISH_DATE_IN} 18:57:50|S       |1000000|0.000000|0.000000||
HIPORTUK|ESI|MD_401654|STOCK|16SUNE|${PUBLISH_DATE_IN}|${PUBLISH_DATE_IN}|1|10|HIPORTUK~ESI~MD_401654~16SUNE~${PUBLISH_DATE_IN}~${PUBLISH_DATE_IN}~1~10~~~2029-JUL-01~51F35589CA4D00AD864B1C90A0AA5DDB|SGD|SGD|L||2721590.63|2721590.63|2830360.00|2830360.00|12390.63|12390.63|2600000.0000|104.200000|${PUBLISH_DATE_IN}|2029-JUL-01||||61||.01|4342958|${PUBLISH_DATE_IN} 18:57:50|S       |2600000|0.000000|0.000000||
HIPORTUK|ESI|MD_483949|STOCK|16SUNE|${PUBLISH_DATE_IN}|${PUBLISH_DATE_IN}|1|10|HIPORTUK~ESI~MD_483949~16SUNE~${PUBLISH_DATE_IN}~${PUBLISH_DATE_IN}~1~10~~~2023-MAR-13~907F3331FA30CA758A3A624195A32750|SGD|SGD|L||1008487.60|1008487.60|1000000.00|1000000.00|13117.81|13117.81|1000000.0000|99.536979|${PUBLISH_DATE_IN}|2023-MAR-13||||171||.01|4342958|${PUBLISH_DATE_IN} 18:57:50|S       |1000000|0.000000|0.000000||
HIPORTUK|ESI|MD_488662|STOCK|16SUNE|${PUBLISH_DATE_IN}|${PUBLISH_DATE_IN}|1|10|HIPORTUK~ESI~MD_488662~16SUNE~${PUBLISH_DATE_IN}~${PUBLISH_DATE_IN}~1~10~~~2022-JUL-06~088F78A325FFF3D90D4A90068A5751AB|SGD|SGD|L||495577.53|495577.53|490000.00|490000.00|2017.53|2017.53|500000.0000|98.712000|${PUBLISH_DATE_IN}|2022-JUL-06||||56||.01|4342958|${PUBLISH_DATE_IN} 18:57:50|S       |500000|0.000000|0.000000||
HIPORTUK|ESI|MD_490499|STOCK|16SUNE|${PUBLISH_DATE_IN}|${PUBLISH_DATE_IN}|1|10|HIPORTUK~ESI~MD_490499~16SUNE~${PUBLISH_DATE_IN}~${PUBLISH_DATE_IN}~1~10~~~2024-NOV-08~C689AB7E9BB6617C633C5A5DDE34EE8C|SGD|SGD|L||1482775.11|1482775.11|1497150.00|1497150.00|13091.10|13091.10|1500000.0000|97.978934|${PUBLISH_DATE_IN}|2024-NOV-08||||115||.01|4342958|${PUBLISH_DATE_IN} 18:57:50|S       |1500000|0.000000|0.000000||
HIPORTUK|ESI|MD_495282|STOCK|16SUNE|${PUBLISH_DATE_IN}|${PUBLISH_DATE_IN}|1|10|HIPORTUK~ESI~MD_495282~16SUNE~${PUBLISH_DATE_IN}~${PUBLISH_DATE_IN}~1~10~~~2023-FEB-01~131A70714A103ECF6765B243EB32C48C|SGD|SGD|L||3466643.57|3466643.57|3450700.00|3450700.00|4993.21|4993.21|3500000.0000|98.904296|${PUBLISH_DATE_IN}|2023-FEB-01||||30||.01|4342958|${PUBLISH_DATE_IN} 18:57:50|S       |3500000|0.000000|0.000000||
HIPORTUK|ESI|MD_502742|STOCK|16SUNE|${PUBLISH_DATE_IN}|${PUBLISH_DATE_IN}|1|10|HIPORTUK~ESI~MD_502742~16SUNE~${PUBLISH_DATE_IN}~${PUBLISH_DATE_IN}~1~10~~~2028-MAY-01~CE9202F4359445A5506BE78D9A07E08A|SGD|SGD|L||1033469.43|1033469.43|999815.64|999815.64|8648.38|8648.38|1002000.0000|102.277550|${PUBLISH_DATE_IN}|2028-MAY-01||||121||.01|4342958|${PUBLISH_DATE_IN} 18:57:50|S       |1002000|0.000000|0.000000||
HIPORTUK|ESI|MD_256383|STOCK|16SUNE|${PUBLISH_DATE_IN}|${PUBLISH_DATE_IN}|1|10|HIPORTUK~ESI~MD_256383~16SUNE~${PUBLISH_DATE_IN}~${PUBLISH_DATE_IN}~1~10~~~2027-MAR-01~293C04603C1336FE5E2A960C8AED812C|SGD|SGD|L||6808780.57|6808780.57|7018830.65|7018830.65|-594.43|-594.43|6250000.0000|108.950000|${PUBLISH_DATE_IN}|2027-MAR-01||||-1||.01|4342958|${PUBLISH_DATE_IN} 18:57:50|S       |6250000|0.000000|0.000000||
HIPORTUK|ESI|MD_446232|STOCK|16SUNE|${PUBLISH_DATE_IN}|${PUBLISH_DATE_IN}|1|10|HIPORTUK~ESI~MD_446232~16SUNE~${PUBLISH_DATE_IN}~${PUBLISH_DATE_IN}~1~10~~~2019-AUG-16~217E7D5581ACFAD54C95FD2DD6ED9CCF|SGD|SGD|L||2031579.25|2031579.25|2075700.00|2075700.00|3106.85|3106.85|2000000.0000|101.423620|${PUBLISH_DATE_IN}|2019-AUG-16||||15||.01|4342958|${PUBLISH_DATE_IN} 18:57:50|S       |2000000|0.000000|0.000000||
