<header>ESISODP_SEC_1_20180720_4225086.out|4225086||Netik Outbound|Asset|ES|N|DP.SPO_SOD_ASSETS|SOURCE_ID|INSTR_ID|INSTR_LONG_NAME|INSTR_SHORT_NAME|INSTR_TYPE|COUPON_TYPE|ISSUE_CCY|TRADEABLE_QTY|FUTURE_MULTIPLE|COUNTRY_OF_RISK|COUPON_FREQUENCY|COUPON_RATE|CUSIP|DAY_COUNT_BASIS|FUTURES_DELIVERY_DATE|EX_DIVIDEND_IND|EXPIRY_DATE|EXPOSURE_CCY|FIRST_COUPON_DATE|FIXED_FLOATING_IND|ISIN|COUNTRY_OF_ISSUE|ISSUE_DATE|ISSUE_INT_RATE|LAST_COUPON_DATE|MATURITY_DATE|NEXT_COUPON_DATE|PRIMARY_EXCHANGE|FACTOR|FACTOR_EFF_DATE|PUT_CALL_IND|SEDOL|SINKING_FUND_IND|STRIKE_PRICE_L|SWAP_LEG_IND|LINK_INSTR_ID|HIP_SECURITY_CODE|GL_TYPE|CATEGORY|SUB_CATEGORY|DWH_EXTRACT_BATCHID|DWH_LAST_UPD_TMS|EX_CUM_IND|CLEARED_OTC_FLAG|CCP_CLEARING_HOUSE_CODE|CCP_CLEARING_MEMBER_CODE|HIP_EXT2_ID|BLOOMBERG_GLOBAL_ID|INDEX_RATIO|HIP_BROKER_CODE|HIP_BROKER_NAME|EXCHANGE_TICKER|HIP_INDEX_CODE|INTEREST_MARGIN|REGISTRATION_TYPE|DEFAULT_STATUS|FIRST_PRIN_DATE|FX_OPTION_CONTRA_CCY|1</header>
HIPORTUK|MD_503104|WHARF REIC FINANCE BVI 3.3% 17/04/28 EMTN HKD|WHAR 3.3% 28 HKD|IDBFNXRXXL|F|HKD|1000000||HK|4|3.3||ACT_365||||HKD|2018-JUL-17||HK0000413317|HK|2018-APR-17|||2028-APR-17|2018-OCT-17|XXXX||||BFXF3N0|N||||XBFXF3N0||||4225086|2018-JUL-17 00:13:40|C|||||BBG00KK4Y2C9|0|||||0||||