START-OF-FILE
RUNDATE=20180926
REPLYFILENAME=3604_bb_Test.out
FIRMNAME=dl790188
DATEFORMAT=yyyymmdd
PROGRAMNAME=getdata
PROGRAMFLAG=adhoc
SECMASTER=yes
CREDITRISK=yes
FUNDAMENTALS=yes
CLOSINGVALUES=yes
PRICING=yes
DERIVED=yes
START-OF-FIELDS
ID_BB_GLOBAL
ID_ISIN
ID_SEDOL1
ID_CUSIP
TICKER
MARKET_SECTOR_DES
EXCH_CODE
SECURITY_NAME
ID_BB_COMPANY
LONG_COMP_NAME
ID_BB_PARENT_CO
LONG_PARENT_COMP_NAME
REPLICATION_STRATEGY
RTG_CRIS
CRIS_EFF_DT
RTG_ICRA
ICRA_EFF_DT
TRIS_COMPANY_RATING
RTG_TRIS_COMPANY_RATING_DT
RTG_TRIS
TRIS_EFF_DT
RTG_PEF
PEFINDO_EFF_DT
RTG_MARC
MARC_EFF_DT
RTG_RAM
RAMB_EFF_DT
RTG_CHENGXIN
RTG_CHENGXIN_EFF_DT
RTG_DAGONG
RTG_DAGONG_EFF_DT
RTG_LIANHE
RTG_LIANHE_EFF_DT
SECURITY_TYP
CNTRY_OF_INCORPORATION
CNTRY_OF_DOMICILE
CNTRY_ISSUE_ISO
END-OF-FIELDS

TIMESTARTED=Wed Sep 26 22:27:17 JST 2018
START-OF-DATA
#Identifier=TH062303O600|b?4003I~O1|
TH062303O600 Govt|0|37|BBG005MYVNQ6|TH062303O600|BH7HQL5|EJ9594148|THAIGB|Govt|THAILAND|THAIGB 4.675 06/29/44|330458|Thailand Government Bond|180990|Kingdom of Thailand| |N.A.|N.A.|N.A.|N.A.|N.A.|N.A.|N.A.|N.A.|N.A.|N.A.|N.A.|N.A.|N.A.|N.A.|N.A.|N.A.|N.A.|N.A.|N.A.|N.A.|DOMESTIC|TH|TH|TH|
#Identifier=TH1074031804|b?4103I~O1|
TH1074031804 Corp|0|37|BBG006S91RM1|TH1074031804|BQ1SSY4|EK3778330|PTTGC|Corp|NOT LISTED|PTTGC 4 1/2 08/08/21|27519006|PTT Global Chemical PCL| | | |N.A.|N.A.|N.A.|N.A.|N.A.|N.A.|N.A.|N.A.|N.A.|N.A.|N.A.|N.A.|N.A.|N.A.|N.A.|N.A.|N.A.|N.A.|N.A.|N.A.|DOMESTIC|TH|TH|TH|
#Identifier=TH5435A34400|b?4203I~O1|
TH5435A34400 Corp|0|37|BBG006BCX6V3|TH5435A34400|BYQD378|EK1773283|ADVANC|Corp|NOT LISTED|ADVANC 4.94 04/11/24|36391345|Advanced Wireless Network Co Ltd|128474|Advanced Info Service PCL| |N.A.|N.A.|N.A.|N.A.|N.A.|N.A.|N.A.|N.A.|N.A.|N.A.|N.A.|N.A.|N.A.|N.A.|N.A.|N.A.|N.A.|N.A.|N.A.|N.A.|DOMESTIC|TH|TH|TH|
#Identifier=TH0623A38308|b?4303I~O1|
TH0623A38308 Govt|0|37|BBG0046TBLK0|TH0623A38308|B9LY0X6|EJ5804210|THAIGB|Govt|THAILAND|THAIGB 1 1/4 03/12/28|330458|Thailand Government Bond|180990|Kingdom of Thailand| |N.A.|N.A.|N.A.|N.A.|N.A.|N.A.|N.A.|N.A.|N.A.|N.A.|N.A.|N.A.|N.A.|N.A.|N.A.|N.A.|N.A.|N.A.|N.A.|N.A.|DOMESTIC|TH|TH|TH|
#Identifier=USY62526AB72|b?4403I~O1|
USY62526AB72 Corp|0|37|BBG0072G5KQ8|USY62526AB72|BQQCCS3|EK4708591|NSBLK|Corp|SGX-ST|NSBLK 5.15 09/10/19|18079524|National Savings Bank|233229|Democratic Socialist Republic of Sri Lanka| |N.A.|N.A.|N.A.|N.A.|N.A.|N.A.|N.A.|N.A.|N.A.|N.A.|N.A.|N.A.|N.A.|N.A.|N.A.|N.A.|N.A.|N.A.|N.A.|N.A.|EURO-DOLLAR|MULT|Mixed|SNAT|
#Identifier=IE00B0M63623|b?4503I~O1|
IE00B0M63623 Equity|0|37|BBG000K6N034|IE00B0M63623|B0M6362|N.A.|ITWN|Equity|LN|iShares MSCI Taiwan UCITS ETF|10092277|iShares MSCI Taiwan UCITS ETF USD Dist|41821191|iShares ETFs/Ireland|Full| | | | |N.A.|N.A.| | | | | | | | | | |N.A.|N.A.| | |ETP|IE|IE|GB|
#Identifier=LU0514695690|b?4603I~O1|
LU0514695690 Equity|0|37|BBG000R1SDV4|LU0514695690|B5LXK80|N.A.|XCS6|Equity|GR|Xtrackers MSCI China UCITS ETF|19339575|Xtrackers MSCI China UCITS ETF|41821857|Xtrackers/Luxembourg|Full| | | | |N.A.|N.A.| | | | | | | | | | |N.A.|N.A.| | |ETP|LU|LU|DE|
#Identifier=US4642865251|b?4703I~O1|
US4642865251 Equity|0|37|BBG0025X38X0|US4642865251|B74T2G1|464286525|ACWV|Equity|US|iShares Edge MSCI Min Vol Glob|27892982|iShares Edge MSCI Min Vol Global ETF|7005320|iShares ETFs/USA|Full| | | | |N.A.|N.A.| | | | | | | | | | |N.A.|N.A.| | |ETP|US|US|US|
#Identifier=TH0038037907|b?4803I~O1|
TH0038037907 Corp|0|37|BBG00H2VMZM5|TH0038037907|BD2BVD1|AO2222799|UOBSP|Corp|NOT LISTED|UOBSP 3.56 09/20/27|117280|United Overseas Bank Thai PCL|116588|United Overseas Bank Ltd| |N.A.|N.A.|N.A.|N.A.|N.A.|N.A.|N.A.|N.A.|N.A.|N.A.|N.A.|N.A.|N.A.|N.A.|N.A.|N.A.|N.A.|N.A.|N.A.|N.A.|DOMESTIC|TH|TH|TH|
#Identifier=XS1728741346|b?4903I~O1|
XS1728741346 Corp|0|37|BBG00JCX8M69|XS1728741346|BYVZ584|AQ2525600|SHDOIS|Corp|HONG KONG|SHDOIS 6 1/2 06/14/21|48475174|Shandong Iron And Steel Xinheng International Co Ltd|57440481|Shandong Steel International Investment Ltd| |N.A.|N.A.|N.A.|N.A.|N.A.|N.A.|N.A.|N.A.|N.A.|N.A.|N.A.|N.A.|N.A.|N.A.|N.A.|N.A.|N.A.|N.A.|N.A.|N.A.|EURO-DOLLAR|VG|VG|VG|
END-OF-DATA
TIMEFINISHED=Wed Sep 26 22:27:39 JST 2018
END-OF-FILE
