<header>Portfolio_template.out|5338942||Netik Outbound|Portfolio|ES|N|DP.SPO_SOD_ACCOUNT|SOURCE_ID|ORG_ID|ACCT_ID|ACCT_NAME|ACCT_CCY|ACCT_TYPE|ACCT_STATUS|DWH_EXTRACT_BATCHID|DWH_LAST_UPD_TMS|ACCT_DEF_CFD_BROKER|CLIENT_PORTFOLIO_CODE|9</header>
HIPORTUK|ESI|TEST4996_Y|TEST4996_Y|AUD|S|A|5338942|2019-APR-26 08:06:10||TEST4996_Y                                  
HIPORTUK|ESI|TEST4996_N|TEST4996_N|USD|S|A|5338942|2019-MAR-27 07:35:34||TEST4996_N                                  
HIPORTUK|ESI|TEST4996_3|TEST4996_3|USD|S|A|5338942|2019-MAR-27 07:35:34||TEST4996_3 
HIPORTUK|ESI|CANC4996_Y|CANC4996_Y|AUD|S|A|5338942|2019-APR-26 08:06:10||CANC4996_Y                                  
HIPORTUK|ESI|CANC4996_N|CANC4996_N|USD|S|A|5338942|2019-MAR-27 07:35:34||CANC4996_N                                  
HIPORTUK|ESI|CANC4996_3|CANC4996_3|USD|S|A|5338942|2019-MAR-27 07:35:34||CANC4996_3                                   