<header>ESISODP_SDP_1_20171124_3394971.out|3394971||Netik Outbound|SOD Position|ES|N|DP.SPO_SOD_POSITIONS|SOURCE_ID|ORG_ID|INSTR_ID|ASSET_TYPE|ACCT_ID|VALN_DATE|RUN_DATE|VALN_POINT_ID|INQUIRY_BASIS|PK_ID |PFOLIO_CCY|ISSUE_CCY|LONG_SHORT_IND|BALANCE_TYPE|VALUATION_P|VALUATION_L|BOOK_COST_P|BOOK_COST_L|ACCRUED_INC_P|ACCRUED_INC_L|NOMINAL|PRICE_L|PRICE_DATE|MATURITY_DATE|DEAL_DATE|INTEREST_RATE|TERM_DAYS|ACCRUED_INC_DAYS|TRAN_ID|PRICING_FACTOR|DWH_EXTRACT_BATCHID|DWH_LAST_UPD_TMS|PRICE_POLICY_CODE|ORIG_QUANTITY|UNSETTLED_PURC_UNITS|UNSETTLED_SALE_UNITS|NDF_FIX_DATE|NDF_PAY_CCY|1</header>
HIPORTUK|ESI|MD_00007|STOCK|ALGAHD|${AS_OF_TMS}|${ADJST_TMS}|1|10|HIPORTUK~ESI~MD_431786~ALGAHD~${AS_OF_TMS}~${ADJST_TMS}~1~10~~~~F7857C28DD1145C13FBC28FE54206A5A|USD|USD|L||82871.60|82871.60|79159.56|79159.56|||80.0000|1035.895000|${PRICE_DATE}|||||||1|3394971|${ADJST_TMS} 16:11:42|S       ||0.000000|0.000000||
