DATE,PORTFOLIO,VALUE,INSTRUCTIONAL_HEADER,DATATYPE
08/13/2020,I03,0,,ABOR_COMPL
08/13/2020,E01,75480419.57,,ABOR_COMPL
08/13/2020,I13,3597563320.61,,ABOR_COMPL
08/13/2020,I10,2141992747.05,,ABOR_COMPL
08/13/2020,I08,22860518.44,,ABOR_COMPL
07/18/2040,PR2,0.00,,ABOR_COMPL
08/13/2020,I02,,,ABOR_COMPL
08/13/2020,I05,0.0,,ABOR_COMPL
08/13/2020,I06,0.00,,ABOR_COMPL
08/13/2020,I07,.0,,ABOR_COMPL
08/13/2020,I14,.00,,ABOR_COMPL