<header>ESISODP_SDP_1_20181016_4484327.out|4484327||Netik Outbound|SOD Position|ES|N|DP.SPO_SOD_POSITIONS|SOURCE_ID|ORG_ID|INSTR_ID|ASSET_TYPE|ACCT_ID|VALN_DATE|RUN_DATE|VALN_POINT_ID|INQUIRY_BASIS|PK_ID |PFOLIO_CCY|ISSUE_CCY|LONG_SHORT_IND|BALANCE_TYPE|VALUATION_P|VALUATION_L|BOOK_COST_P|BOOK_COST_L|ACCRUED_INC_P|ACCRUED_INC_L|NOMINAL|PRICE_L|PRICE_DATE|MATURITY_DATE|DEAL_DATE|INTEREST_RATE|TERM_DAYS|ACCRUED_INC_DAYS|TRAN_ID|PRICING_FACTOR|DWH_EXTRACT_BATCHID|DWH_LAST_UPD_TMS|PRICE_POLICY_CODE|ORIG_QUANTITY|UNSETTLED_PURC_UNITS|UNSETTLED_SALE_UNITS|NDF_FIX_DATE|NDF_PAY_CCY|1</header>
HIPORTUK|ESI|MD_499047|STOCK|ARBRUF|${AS_OF_TMS}|${AS_OF_TMS}|1|10|HIPORTUK~ESI~MD_499047~ARBRUF1~10~~~2029-DEC-26~63BE667EE57328D4011821F6CE7608F4|SGD|INR|L||2010056.02|100000000.00|0.00|0.00|0.00|0.00|10.0000|10.000000|2017-JUL-03|2029-DEC-26||||||.01|3914243||S       |1000000|0.000000|0.000000||
HIPORTUK|ESI|MD_499048|STOCK|ARBRUF|${AS_OF_TMS}|${AS_OF_TMS}|1|10|HIPORTUK~ESI~MD_499048~ARBRUF~~1~10~~~2029-DEC-26~4993FF3052BA36AE67F23CE0AA2ACDE5|SGD|INR|S||0.00|0.00|0.00|0.00|0.00|0.00|10.0000|0.000000|2018-MAR-29|2029-DEC-26||||||.01|39143||X       |1000000|0.000000|0.000000||
