SOURCE_ID|ORG_ID|ACCT_ID|ACCT_NAME|ACCT_CCY|ACCT_TYPE|ACCT_STATUS|DWH_EXTRACT_BATCHID|DWH_LAST_UPD_TMS|ACCT_DEF_CFD_BROKER|CLIENT_PORTFOLIO_CODE|1
HIPORTUK|ESI|${ACCT_ID_NONLATAM}|CASH FUND - IFAST|SGD|S|A|5127866|2018-NOV-05 06:06:00||${ACCT_ID_NONLATAM}
