SOURCE_ID|ORG_ID|INSTR_ID|ASSET_TYPE|ACCT_ID|VALN_DATE|RUN_DATE|VALN_POINT_ID|INQUIRY_BASIS|PK_ID |PFOLIO_CCY|ISSUE_CCY|LONG_SHORT_IND|BALANCE_TYPE|VALUATION_P|VALUATION_L|BOOK_COST_P|BOOK_COST_L|ACCRUED_INC_P|ACCRUED_INC_L|NOMINAL|PRICE_L|PRICE_DATE|MATURITY_DATE|DEAL_DATE|INTEREST_RATE|TERM_DAYS|ACCRUED_INC_DAYS|TRAN_ID|PRICING_FACTOR|DWH_EXTRACT_BATCHID|DWH_LAST_UPD_TMS|PRICE_POLICY_CODE|ORIG_QUANTITY|UNSETTLED_PURC_UNITS|UNSETTLED_SALE_UNITS|HIP_BROKER_CODE|TRADE_DATE|NDF_FIX_DATE|NDF_PAY_CCY|1
HIPORTUK|ESI|${INSTR_ID_FX}|FX|${ACCT_ID_NONLATAM}|${TEST_DATE_IN}|${TEST_DATE_IN}|1|1|HIPORTUK~ESI~${INSTR_ID_FX}~${ACCT_ID_NONLATAM}~${TEST_DATE_IN}~${TEST_DATE_IN}~1~1~~~2040-FEB-22~7C2401C9AFD262C46A961DA638B8D99A|SGD|SGD|L|NONLATAM|29352000|29352000|29352000|29352000|215.75|215.75|29352000|1.755702|${TEST_DATE_IN}|2019-JUN-28|||||${DYNAMIC_VALUE}1|1|5145171|${TEST_DATE_IN} 19:04:04||1|0|0|MSCAFX|${TEST_DATE_IN} 19:04:04|||
HIPORTUK|ESI|${INSTR_ID_FX2}|FX|${ACCT_ID_NONLATAM}|${TEST_DATE_IN}|${TEST_DATE_IN}|1|1|HIPORTUK~ESI~${INSTR_ID_FX2}~${ACCT_ID_NONLATAM}~${TEST_DATE_IN}~${TEST_DATE_IN}~1~1~~~2040-FEB-22~7C2401C9AFD262C46A961DA638B8D99A|SGD|USD|S|NONLATAM|-27392423.6|-20000000|-29352000|-20000000|215.75|215.75|-20000000|1.281895|${TEST_DATE_IN}|2019-JUN-28|||||${DYNAMIC_VALUE}1|1|5145171|${TEST_DATE_IN} 19:04:04||1|0|0|MSCAFX|${TEST_DATE_IN} 19:04:04|||
