ISSUER_FLAG,CUSIP,CLIENT_ID,ISIN,SEDOL,AGY,DATE,VALUE
N,Y7S28NJR7,ESL2124290,INE134E08II2,BYWR114,10510,20160812,AA+
N,Y3R25ZCR0,ESL9664653,INE053F07603,B9XQY49,10510,20130315,AA
N,Y7082RFF1,ESL9074754,INE134E08HV7,BF02YG4,10510,20150904,AAA
N,Y31993AE1,ESL2316050,INE038A07274,BHWQR92,10510,20170926,AA+
