<header>ESIPME_EXR_20120731_492608.out|492608|N1|Netik Outbound|CR Exchange Rate|ES|N|DP.SPO_CR_EXCHANGE_RATE|SOURCE_ID,FROM_CCY,TO_CCY,TYPE,PERIOD,FX_DATE,RATE,DWH_EXTRACT_BATCHID,DWH_LAST_UPD_TMS,VALN_DATE,VALN_POINT,PERIOD_FROM_DATE,PERIOD_TO_DATE|20</header>
HIPORTUK  |GBP|EUR|SPOT    |0|2012-JUL-31 16:00:00|1.1211|492608|2012-AUG-03 21:10:07|2012-JUL-31|24:00:00|2012-JUL-01|2012-JUL-31
HIPORTUK  |GBP|SGD|SPOT    |0|2012-JUL-31 16:00:00|1.7857|492608|2012-AUG-03 21:10:07|2012-JUL-31|24:00:00|2012-JUL-01|2012-JUL-31
HIPORTUK  |GBP|THB|SPOT    |0|2012-JUL-31 16:00:00|43.64195|492608|2012-AUG-03 21:10:07|2012-JUL-31|24:00:00|2012-JUL-01|2012-JUL-31
HIPORTUK  |GBP|USD|SPOT    |0|2012-JUL-31 16:00:00|1.31175|492608|2012-AUG-03 21:10:07|2012-JUL-31|24:00:00|2012-JUL-01|2012-JUL-31
HIPORTUK  |GBP|HKD|SPOT    |0|2012-JUL-31 16:00:00|10.2935|492608|2012-AUG-03 21:10:07|2012-JUL-31|24:00:00|2012-JUL-01|2012-JUL-31
