START-OF-FILE
RUNDATE=${PRC_TMS}
REPLYFILENAME=RDM_EGL_BBICON.out
FIRMNAME=dl302731
DATEFORMAT=yyyymmdd
COMPRESS=yes
PROGRAMNAME=getdata
PROGRAMFLAG=one-shot
SECMASTER=yes
CLOSINGVALUES=yes
DERIVED=yes
SN=611440
USERNUMBER=281293
SECID=ISIN
START-OF-FIELDS
ID_BB_GLOBAL
ID_ISIN
ID_SEDOL1
ID_CUSIP
TICKER
EXCH_CODE
MARKET_SECTOR_DES
CRNCY
PX_OFFICIAL_CLOSE
PRIOR_CLOSE_MID
PX_LAST
PX_BID
PX_ASK
PX_MID
PX_LAST_EOD
PX_CLOSE_1D
PX_CLOSE_DT
LAST_UPDATE_DT
ID_MIC1
ID_MIC_LOCAL_EXCH
END-OF-FIELDS
TIMESTARTED=Wed Feb 28 12:28:58 JST 2018
START-OF-DATA
BBG000DKCC19|0|20|BBG000DKCC19|US9024941034|2909730|N.A.|TSN|LX|Equity|USD|N.A.|17.798000|18.002000|18.003000|18.004000|18.005000|17.797000|17.796000|${PRC_TMS}|${PRC_TMS}| | |
BBG000PW2YN9|0|20|BBG000PW2YN9|INE490G01020|B4NRBT1|N.A.|MOIL|LX|Comdty|INR|N.A.|27.798000||28.003000|28.004000|28.005000|27.797000|27.796000|${PRC_TMS}|${PRC_TMS}| | |
BBG00FY2JQC3|0|20|BBG00FY2JQC3|DE000C0NSEN6|N.A.|N.A.|VGH8|LX|Index|EUR|N.A.|37.798000||38.003000|38.004000|38.005000|37.797000||${PRC_TMS}|${PRC_TMS}| | |
BBG000BDGHM9|0|20|BBG000BDGHM9|SG1R95002270|6786735|N.A.|GUOL|LX|Equity|SGD|N.A.|47.798000||-1.0000|48.004000|48.005000|47.797000||${PRC_TMS}|${PRC_TMS}| | |
XS0526688832|0|20|BBG0015VR9D0|XS0526688832|BF02SW8|EI3985567|SOCGEN|NOT LISTED|Corp|HKD|200.1|200.2|200.2|200.4|200.5|200.6|200.7|200.8|${PRC_TMS} |${PRC_TMS}| | |
XS1785327666|0|20|BBG00K5WSWV4|XS1785327666|N.A.|AR4634150|HIGHWY|SGX-ST|Govt|HKD|300.1|300.2|300.3||300.5|300.6|300.7|300.8|${PRC_TMS}|${PRC_TMS}|XSES||
XS1717764143|0|20|BBG00J9YSGK6|XS1717764143|BF2W0R5|N.A|EXIMCH||Muni|USD|400.1|400.2|400.3|||400.6|400.7|400.8|${PRC_TMS}|${PRC_TMS}|||
TW0002330008|0|20|BBG000BN2HR7|TW0002330008|N.A|N.A|2330||Curncy|TWD|400.1|400.2||400.4|400.5|400.6|400.7|400.8|${PRC_TMS}|${PRC_TMS}|||
TH0148A10Z14|0|20|BBG000BJJW22|TH0148A10Z14|N.A|N.A|||Equity|THB|10.2|10.2||10.2|10.2|10.2|10.2|10.2|${PRC_TMS}|${PRC_TMS}|||
END-OF-DATA
TIMEFINISHED=Wed Feb 28 12:29:21 JST 2018
END-OF-FILE
