EXTERN_NEWCASH_ID1,PORTFOLIO
TWFX-TEST4298-TEST4298,TEST4298_SPLIT_S
TWFX-4298-4298,TEST4298_SPLIT_S
