<header>ESISOD_POS_1_20170707_902468.out|902468||Netik Outbound|Position|ES|N|DP.SPO_SOD_POSITIONS|SOURCE_ID|ORG_ID|INSTR_ID|ASSET_TYPE|ACCT_ID|VALN_DATE|RUN_DATE|VALN_POINT_ID|INQUIRY_BASIS|PK_ID |PFOLIO_CCY|ISSUE_CCY|LONG_SHORT_IND|BALANCE_TYPE|VALUATION_P|VALUATION_L|BOOK_COST_P|BOOK_COST_L|ACCRUED_INC_P|ACCRUED_INC_L|NOMINAL|PRICE_L|PRICE_DATE|MATURITY_DATE|DEAL_DATE|INTEREST_RATE|TERM_DAYS|ACCRUED_INC_DAYS|TRAN_ID|PRICING_FACTOR|DWH_EXTRACT_BATCHID|DWH_LAST_UPD_TMS|PRICE_POLICY_CODE|ORIG_QUANTITY|UNSETTLED_PURC_UNITS|UNSETTLED_SALE_UNITS|1</header>
HIPORTUK|ESI|MD_140722|FX|ABTSLF|2017-AUG-23|2017-AUG-23|1|1|HIPORTUK~ESI~MD_140722~ASPMSB~2017-AUG-23~2017-AUG-23~1~1~~~2017-SEP-25~55DB273B5D2FF8432EFB0076E9C96ABB|USD|EUR|L||4182456.50|3664000.00|3664000.00|3664000.00|||3664000.0000|1.134933|2017-JUL-07|2017-JUL-25|||||${TRAN_ID}||902468|2017-JUL-10 12:59:54|||0.000000|0.000000
HIPORTUK|ESI|MD_140722|FX|ABTSLF|2017-AUG-23|2017-AUG-23|1|1|HIPORTUK~ESI~MD_140722~ASPMSB~2017-AUG-23~2017-AUG-23~1~1~~~2017-SEP-25~55DB273B5D2FF8432EFB0076E9C96ABB|USD|EUR|L||4182456.50|4000000.00|4000000.00|4000000.00|||4000000.0000|1.134933|2017-JUL-07|2017-JUL-25|||||${TRAN_ID}||902468|2017-JUL-10 12:59:54|||0.000000|0.000000
HIPORTUK|ESI|MD_140815|FX|ABTSLF|2017-AUG-23|2017-AUG-23|1|1|HIPORTUK~ESI~MD_140815~ASPMSB~2017-AUG-23~2017-AUG-23~1~1~~~2017-SEP-25~B628B7B172A4236DCE8304E253BAB4EF|USD|USD|S||-3910404.00|-3910404.00|-4000000.00|-3910404.00|||-3910404.0000|1.295527|2017-JUL-07|2017-JUL-25|||||${TRAN_ID}||902468|2017-JUL-10 12:59:54|||0.000000|0.000000
