EXTERN_NEWCASH_ID1,PORTFOLIO,AMOUNT,CURRENCY,CASH_TYPE,SETTLE_DATE,TRADE_DATE,CASH_REASON,ESTIMATED,AUTHORIZED_BY,CONFIRMED_BY
TEST_20180521_00164,TST-TRD8_0001,3000,TWD,CASHIN,20180521,20180521,SUBS,E,AUTO,AUTO
TEST_20180521_00164*_H*,TST-TRD8_0001_USD,3000,TWD,CASHIN,20180521,20180521,SUBS,E,AUTO,AUTO
