EXTERN_NEWCASH_ID1,PORTFOLIO,AMOUNT,CURRENCY,CASH_TYPE,SETTLE_DATE,TRADE_DATE,CASH_REASON,ESTIMATED,AUTHORIZED_BY,CONFIRMED_BY
TEST_20180521_0000060,TST-TRD1,10900000,TWD,CASHIN,20180521,20180521,SUBS,E,AUTO,AUTO
TEST_20180521_0000061,TST-TRD2,10100000,USD,CASHOUT,20180521,20180521,REDS,F,AUTO,AUTO
TEST_20180521_0000062,TST-TRD3,10100000,USD,CASHOUT,20180521,20180521,REDS,F,AUTO,AUTO
