POSITION_DATE|SECURITY_ID|FUND_ID|QUANTITY
${DYNAMIC_DATE}|ESL5226689|E92003|160000
${DYNAMIC_DATE}|ESL4837943|6728_BRS_POS_I02|5000
End of File