THAIID,BCUSIP
MBSF21NA,BRT8PZQS8
LB23DA,BPM1PC1W3
LB226A,BRT3BAEB9
