<header>ESIPME_TRN_20180731_492584.out|492584||Netik Outbound|CR Transaction|ES|N|DP.SPO_CR_TRANSACTION|SOURCE_ID,ORG_ID,INSTR_ID,ACCT_ID,ACCT_NAME,INQUIRY_BASIS,BNP_SOURCE_TRAN_ID,BNP_SOURCE_TRAN_EV_ID,SETT_INSTR_ID,CLIENT_DEAL_REF,NOMINAL,TRAN_TYPE_CODE,TRAN_TYPE_DESC,PRICE_L,INTEREST_RATE,TRADE_DATE,SETT_DATE,SETT_CCY,NET_SETT_AMT_S,NOTES,ENTRY_DATE,CANCEL_DATE,CANCEL_IND,BACKDATED_IND,STATUS,TRAN_CATEGORY_DESC,ISSUE_CCY,COMMISSION_L,COMMISSION_P,NET_SETT_AMT_L,NET_SETT_AMT_P,GROSS_TRADE_AMT_P,GROSS_TRADE_AMT_L,ORIG_QUANTITY,ACCRUED_INC_L,ACCRUED_INC_P,ACCRUED_INC_DAYS,BNP_TRD_TRAN_ID,TRAN_CATEGORY_CODE,BNP_MARKET_IMPACT_CODE,BNP_MARKET_IMPACT_DESC,BNP_CASH_IMPACT_CODE,BNP_CASH_IMPACT_DESC,BNP_STOCK_IMPACT_CODE,BNP_STOCK_IMPACT_DESC,EXPENSES_L,EXPENSES_P,MATURITY_DATE,BNP_DWH_TRAN_ID,BNP_SOURCE_ASS_ORD_ID,BNP_SOURCE_ASS_TRAN_ID,DWH_EXTRACT_BATCHID,DWH_LAST_UPD_TMS,VALN_DATE,VALN_POINT,OPEN_CLOSE_IND,ENTITLEMENT_NOMINAL,DIVIDEND_RATE,GROSS_INC_AMT_L,GROSS_INC_AMT_P,GROSS_INC_AMT_S,INC_TAX_CREDIT_AMT_L,INC_TAX_CREDIT_AMT_P,INC_TAX_CREDIT_AMT_S,INC_TAX_AMT_L,INC_TAX_AMT_P,INC_TAX_AMT_S,EXPENSES_TAXES_L,EXPENSES_TAXES_P,EXPENSES_STAMPDUTY_L,EXPENSES_STAMPDUTY_P,EXPENSES_CLEARINGFEES_L,EXPENSES_CLEARINGFEES_P,EXPENSES_MISCEXPENSES_L,EXPENSES_MISCEXPENSES_P,HIP_BROKER_CODE,HIP_BROKER_NAME,SOURCE_TRAN_CATEGORY_CODE,SOURCE_TRAN_TYPE_CODE,BOOK_COST_L,BOOK_COST_P,SOURCE_UNITS,INC_WHTTAX_AMT_L,INC_WHTTAX_AMT_P,INC_WHTTAX_AMT_S,REC_WHT_AMT_L,REC_WHT_AMT_P,REC_WHT_AMT_S,FORWARD_FX_RATE,BNP_CA_TRAN_ID,FUTURES_GROSS_TRADE_AMT_L,FUTURES_GROSS_TRADE_AMT_P,FUTURES_NET_TRADE_AMT_L,FUTURES_NET_TRADE_AMT_P,HIP_CASH_ANALYSIS_CODE,HIP_CASH_ANALYSIS_CODE_DESC,DWH_EXTRACT_TMS,PFOLIO_CCY,SETTLE_EXCHANGE_RATE,TRAN_EXCHANGE_RATE,SOURCE_INSTR_ID,SOURCE_SETT_INSTR_ID,SOURCE_BNP_CASH_IMPACT_CODE,SOURCE_BNP_CASH_IMPACT_DESC,ASSET_TYPE,SOURCE_GROSS_INC_AMT_L,SOURCE_GROSS_INC_AMT_P,SOURCE_INC_TAX_AMT_L,SOURCE_INC_TAX_AMT_P,SOURCE_INC_WHTTAX_AMT_L,SOURCE_INC_WHTTAX_AMT_P,SOURCE_NET_SETT_AMT_L,SOURCE_NET_SETT_AMT_P,REALISED_PL_L,REALISED_PL_P,REALISED_PL_FX_P,REALISED_PL_MKT_P,CASH_COST_P,INT_TO_MATURITY_L,INT_TO_MATURITY_P,PERIOD_FROM_DATE,PERIOD_TO_DATE|20</header>
HIPORTUK|ESI|MD_358029|AGPPMT|CF PRUDENTIAL PACIFIC MARKETS TRUST|13|76468|I76468A|MD_142089||0|DIVE|DIVIDEND ENTITLEMENT|.25||${ME_END_DATE}|${SETT_DATE}|CNY|525150||${ME_END_DATE} 15:25:00||N|Y|C|CORPORATE ACTION|HKD|0|0|628685.04|60525.56|0|0||698538.91|67250.62|||CACT|OFF|OFF MARKET|R|RECEIVABLE|N|NO IMPACT|0|0||299655292||76468|492584|2018-JUL-05 14:33:26|${ME_END_DATE}|20||2334000|.25|698538.91|67250.62|583500|0|0||69853.87|6725.06|58350|||0|0|||||INT&DV|INTEREST & DIVIDENDS|||0|0|2334000|69853.87|6725.06|58350|0|0||0.000000|388946|||||||${ME_END_DATE} 14:33:26|GBP|0.835315|0.096273|||||STOCK|||||||||0|0|0|0|0|||${ME_START_DATE}|${ME_END_DATE}
