"HTG_20200804143520_00001"|"200616003HNC_Holder"|"EISG#T1110"|"HTG"|"CCL"|""|"Party"|"M"|"IFAST FINANCIAL PTE LTD (NC)"|""|""|""|"IFAST FINANCIAL PTE LTD (NC)"|""|""|""|""|""|""|""|""|""|""|""|""|""|""|""|""|""|""|""|""|""|""|""|""|""|"200616003HNC"|""|""|""|""|""|""|""|""|""|""|""|""|""|""|""|""
"HTG_20200804143620_00001"|"ATSGDMGI_Agent"|"EISG#T1110"|"HTG"|"DIS"|""|"Party"|"M"|"IFAST FINANCIAL PTE LTD"|""|""|""|""|""|""|""|""|""|""|""|""|""|""|""|""|""|""|""|""|""|""|""|""|""|""|""|""|""|""|""|""|""|""|""|""|""|""|""|""|""|""|""|""|""|""
"HTG_20200804143520_00002"|"MAYBANNOM1_Holder"|"EISG#T1110"|"HTG"|"CCL"|""|"Party"|"M"|"MAYBAN NOMINEES (SINGAPORE) PTE LTD A/C DIRECT"|""|""|""|"MAYBAN NOMINEES (SINGAPORE) PTE LTD A/C DIRECT"|""|""|""|""|""|""|""|""|""|""|""|""|""|""|""|""|""|""|""|""|""|""|""|"SG"|""|"MAYBANNOM1"|""|""|""|"SG"|""|""|""|""|""|""|""|""|""|""|""|""
"HTG_20200804143620_00003"|"ATSGFPF_Agent"|"EISG#T1110"|"HTG"|"DIS"|""|"Party"|"M"|"AVALLIS FINANCIAL PTE LTD"|""|""|""|""|""|""|""|""|""|""|""|""|""|""|""|""|""|""|""|""|""|""|""|""|""|""|""|""|""|""|""|""|""|""|""|""|""|""|""|""|""|""|""|""|""|""
