"HTG_20200804124053_00001"|"200616003HNC_Holder"|"EISG#T1110"|"HTG"|"CCL"|""|"Party"|"M"|"IFAST FINANCIAL PTE LTD (NC)"|""|""|""|"IFAST FINANCIAL PTE LTD (NC)"|""|""|""|""|""|""|""|""|""|""|""|""|""|""|""|""|""|""|""|""|""|""|"19710609"|"SG"|""|"200616003HNC"|""|""|""|"SG"|""|""|""|""|""|""|""|""|""|""|""|""
"HTG_20200804124153_00001"|"ATSGDMGI_Agent"|"EISG#T1110"|"HTG"|"DIS"|""|"Party"|"M"|"IFAST FINANCIAL PTE LTD"|""|""|""|""|""|""|""|""|""|""|""|""|""|""|""|""|""|""|""|""|""|""|""|""|""|""|""|""|""|""|""|""|""|""|""|""|""|""|""|""|""|""|""|""|""|""
"HTG_20200804124053_00002"|"MAYBANNOM1_Holder"|"EISG#T1110"|"HTG"|"CCL"|""|"Party"|"M"|"MAYBAN NOMINEES (SINGAPORE) PTE LTD A/C DIRECT"|""|""|""|"MAYBAN NOMINEES (SINGAPORE) PTE LTD A/C DIRECT"|""|""|""|""|""|""|""|""|""|""|""|""|""|""|""|""|""|""|""|""|""|""|""|"SG"|""|"MAYBANNOM1"|""|""|""|"SG"|""|""|""|""|""|""|""|""|""|""|""|""
"HTG_20200804124153_00002"|"ATSGMBB_Agent"|"EISG#T1110"|"HTG"|"DIS"|""|"Party"|"M"|"MAYBANK SINGAPORE LIMITED"|""|""|""|""|""|""|""|""|""|""|""|""|""|""|""|""|""|""|""|""|""|""|""|""|""|""|""|""|""|""|""|""|""|""|""|""|""|""|""|""|""|""|""|""|""|""
"HTG_20200804124153_00004"|"ATSGFPF_Agent"|"EISG#T1110"|"HTG"|"DIS"|""|"Party"|"M"|"AVALLIS FINANCIAL PTE LTD"|""|""|""|""|""|""|""|""|""|""|""|""|""|""|""|""|""|""|""|""|""|""|""|""|""|""|""|""|""|""|""|""|""|""|""|""|""|""|""|""|""|""|""|""|""|""
"HTG_20200804124053_00005"|"222/1969FAC_Holder"|"EISG#T1110"|"HTG"|"CCL"|""|"Party"|"M"|"DBS NOMINEES FOR ACCOUNT FUNDS ACCOUNT -PAYOUT"|""|""|""|"DBS NOMINEES FOR ACCOUNT FUNDS ACCOUNT -PAYOUT"|""|""|""|""|""|""|""|""|""|""|""|""|""|""|""|""|""|""|""|""|""|""|"19710609"|"SG"|""|"222/1969FAC"|""|""|""|"SG"|""|""|""|""|""|""|""|""|""|""|""|""
