begin 600 /xfer/tmp/tmpSxb9Fx/f5d32fc8-a778-4e42-9415-632f080370f8.pc
MK0-5T4 2ZFG;L2:K4Q'%%!J:YDK-!( '/2]V8. K(J<+' .GQ1P'4QGI9V/3
ML2N2+T]C%%K6ZO$&M3[6_K@3V>-E!D=>*H"_:6CESW:274&7KE%]O];P;3_V
M?N24V-?'"[] S)IK[;O1[;M6XLLZ*<ZMMC;)_+9835NP>J_D-9-1%(^0X$<[
MS=?.&%E223)A5PG77Y;+M@H -.L8%Y):U@N83\5,FL@.M1<WN\HZF&  D=\M
MGW35G2O'+LQT91H_Z"> SU:V')Z]H=D?]+6B'(XH&2.WX&'*EW/B)Y5%2M9D
M,P$ITSW'!N;O:%>Y@"1SK!(WIT"TXV)H"%E\SCN]":_76WK,9Z)1!!91S1\A
M]H(XY%T9H?+A[]ZDT,* ER P3^GD^">F(4O)AH\2FC8JOZI.D GETEDAQ(ZP
M98VN6Z!>0$[Y_S)%B7\#4]NV78X]SK(G_:ONE #.ER/SRT<1WH3N+J%&B<=L
M0E.,.)ABPFB^6"['_9,F&*N8_R#I)\ZA9FQK:]?*!/'Y)Y9.!ML9@;2'/OH9
MTF# ^P\"@.X185Y\\?WX2R%: OP8 3%[O0BS(@[QWCSZ5CA(B&L#W+#7M#05
M..3P7ANER\KJ4SK(EW5!34?J(9,-59TTQ:M1-^AC. D?37')F,;_OX'I@)1)
M5GEBE'Z0JS:[8 %O-;Q)>.(\**U]\:RI*N9"8=HUX7(%.1A_E6DCQ[>54/9-
M0>#52-NR67<]XYUL0LRT5A)_0C2?;[/QR$/4/45;*)EW,/E%GH(MO28XX/6,
MW'7.NY(6RL'IF[4W.4E)S$6Z?=QI.9J[RW/YR(Q4?X\KW)BR!\RJB95.3*@%
M?0\I?Y^:K2\RD&'FQ(8 "7/;I7MJMW2MT]/PJCY]DQANV3V^FN,SI!#JO0G:
M]_2D^'/WK%\9<ZVDOC\I: :A6("JBLO_H[:R=G&S-]]^"R/+N)2XCTU6!2HZ
MC938U7Z4E#;A,71QMW8FCWT+!(@HH'"*LYL-B%+P5@:5>E39-'K>6=ER"I@S
MC*4NI5]XAP3FZSHI3R%'-_(V??[\*[?S8I*+V!%[GR7!-L2O@Q,6#S],G/9:
MK2W+[8 ^^;]>;(-N.+FP''& =@+FK]"NN3'^+ZZ*W=7L3->)*0QN-(.I%74'
M@-QRUT_X".PGK'X^SG]=HXK]>3K%3 %X8MB:>4Z^TP]=F)ES\6$X_KG*Z_NW
MH$W3% +-K*3KR)@<@L:M2@'C(F2K23D_@[*1$4D:^E5Z.07(K2*P<97^7@2$
M<X6_*RVR]<W($VW#23D*6?"/,$VOW"<HZN3!""8A@@2FHXWL9=OV>,:(Y)%-
M,F,92/[H?BI'%R]$4@M2DYA9+5E5(FK<J^M3D[B0S$&O#_CL\%)%)$GX@GOH
M-!48QI+=H=D>=C.B "4B*LT&7 SARCY,8"5+22BN"U!+G]=-!1C.#5X/6Z W
M=<A/9<VTQ"$7H O'G+TV'YJ=VVZK+=1N_>H[ONOE<G+1/?W=!$9R;6X>G7+ 
M2)G?P,-\93ZOI4U80TS0U@5<5&T3-F.(EM2AUD[EUQ2\-9C8%>6,9Y!_\[X@
M\]4,\+N9>%U_#P6;?P4ASK53FI,+LJ=CMS7J!=714X[MEPC&C$8?7Q2@(O=E
M7*CN@&Y;YC\I5%-7Y_H5E WX&>&K7M;;+,G5<M:S$/:3<L_J%X^T*S(,W%F.
M3G:\G.]\'R1?UWM=P@(>X5.E)C1[U9+ET(:K (LHJD6:MY8I2A%_]/2SFAW-
M %R++!(P2SVZ%TU),T R)I:9L!;PP#+)2FZM28%=_PKN@'(U%(>CDI1;,UCN
2,Z5@O*=-.;4)FU8?OH,8(1.#
 
end
