"SECURITY_IDENTIFIER","PORTFOLIO_IDENTIFIER","AS_OF","COUNTRY","CURRENCY","CUSIP","GAA_SECTOR_ASSET_CLASS","GAA_SECTOR_REGION","GAA_COUNTRY","GAA_TYPE","INTERNAL_RATING","RISK_COUNTRY","SM_SEC_GROUP","SM_SEC_TYPE","SEC_DESC2","ESJE1"
"MYBGT1300016","MYLTF","${PUB_AS_OF_DATE}","MY","MYR","BRSHB8NG3","Sukuk","Government Sukuk","Malaysia","Government","A-","MY","BND","GOVT","",""
"MYBPN1400265","MYNLPF","${PUB_AS_OF_DATE}","MY","MYR","BPM08YMV5","Sukuk","Government Sukuk","Malaysia","Domestic Bond","","MY","BND","CORP","T2",""
"MYBGO1500046","MYLTF","${PUB_AS_OF_DATE}","MY","MYR","BRSSLHXY8","Sukuk","Corporate Sukuk","Malaysia","Government","","MY","BND","GOVT","",""
"BPM1VBZK7","MYLTF","${PUB_AS_OF_DATE}","MY","MYR","BPM1VBZK7","Cash","Deposit","","","","MY","CASH","TD","",""
"SG7V66955876","ASPRUI_F","${PUB_AS_OF_DATE}","SG","SGD","BRS9QXG29","Fixed Income11","APXJ","Singapore","Domestic Bond","","SG","BND","CORP","",""
"SG6W19984585","ASPRUI_F","${PUB_AS_OF_DATE}","SG","SGD","BRSFHAEC5","Fixed Income11","APXJ","Singapore","Domestic Bond","","SG","BND","CORP","",""
"MYBVN1401535","MMPRU6","${PUB_AS_OF_DATE}","MY","MYR","BPM0BW320","","","","","","MY","BND","CORP","",""
"QSLU51348230","ALWVEF","${PUB_AS_OF_DATE}","LU","USD","BRT7W2KA0","Equity","North America1","United States","Value","","LU","FUND","OPEN_END","IEH",""