ISSUER_FLAG,CUSIP,CLIENT_ID,ISIN,SEDOL,AGY,DATE,VALUE
N,,TEST7352*+,,,10402,20201020,CCC+
N,,TEST7352p,,,10402,20201020,AAA
N,,TEST7082,,,10402,20201020,AAA
N,,TEST7352(sf),,,10402,20201020,AA+
N,,TEST7352*-,,,10402,20201020,C+
N,,,TEST74033501,,10402,20201020,BBB
N,,TEST7352e,,,10402,20201020,A
N,,TEST7352*,,,10402,20201020,CC
N,,TEST7352sf,,,10402,20201020,B
