begin 600 /xfer/tmp/tmpmb9QAP/aa6e1bc6-f63a-4f37-bcf8-1db20c418c7e
MK0-5T4 2ZFG8^-;GRU13COG ;CL0,16KABS(H9$O]!D<K"Y@8"[>L6 *9Y!R
MDF=?36PH?3H>3@,UNYN&R[P(>#@'@>"G630JS@$OKA</(TJ4CNCO>KQAZPMJ
M790K$E5ZHH?]@N_X<)'':H+IF6KR!_25&W8X1(-_M,^&#,XHI*@D/"#[0T/+
MHOY_T L&H4U<!TU\^O:ZD/K)/!W<C&G@ES0.%KP1%XS.BP:C5G-NNB8WM%6F
MZ_7G.D7[RG;9Y>KS:MW8 A/C\G&LH^)*,T;KVD'<"IUU=^2VOAX>F8!T )HS
M_]@T%:O<X,I\22]CX\.0OSVY;Q%13"'8K-NYB+%+T!'^5!K9.:>7$9-H<831
M<K8&;^L\51$@^5.MW_/$U/9?@=X[UH4FJ!\-M<],B'QHC#8H'TY>A\SC<[:R
MJ7"!"0S >7\5*J\N996''-SL0==AL,D"+B"[4,&FJ9ZBW?96,9TT+*323_M/
MIE_%I/C3MYL;3SS&=#L:SKSZC77)D@',K2ALS<T;AC5FF65526N]1.:YE@"A
M?LW+HN>/W<.E:0@FYG! -5L;"KCF)GYY([ U^E[@Z!3H<=S*2:EUOU8>NHHX
MF%UOEVMI;[8J;I4NV&-$.LJA?\30?['G=Z7N6Z+V?:(3*R#U&:Q)$$ 0\.4L
M')XL8FU*40TKY/4L$9FE3^6 4;7 \03QSIZQFR2X(,V2-R(E2=6?]99QN$CU
M]V9%?9*+R*$..BKR0^(%W&!C*99 +4M[1"DZ*$>55SVU6U(:BFE3 Z0^7(57
M2%>U\67H$175N'XTS9"E+J3M.Y=P)(%,!1N&=#\1WZ"UP[_G+.A!:2$S\66+
MWW!CH1D.$12X9@35R:O05"98)':1#X.&IR)0D8C,9=4A:C@Y@_)O-Q4R&6\\
MP,;Y:S224K,<C]_R<>*P\F7#N:XB639XCME'\_\;<M\L)8M]>L*(JXI><["^
M.DA;=S%@7*?=?K&I=E'Z<9?FH\-(GE*;!?G^PP87QT)/10X0]A-"DI9"^[2X
ML^NZ:M:WZ^*WR.<6+>/;X?$56*C_7AK[4VXX[8%MZTUNONZ0D2.)N>'.%BV$
M*7+R<X'!X;VD)T#679CW3^KJ,3&@;IE#&/(Z-0&<&9B?,ZQ.*OF5"W%[F.U,
M$Z5QB]?G/_V-_I;RU6N3<J,L'Y^8#P^T_9.&*PB#>W6@"[I>/5)04&6I>JA=
M<Z+VU(W(-& 4M<\+..,!P858MTZIJ*@*KD#(^WQ;NL5 L>F4/=S-%S,D<7;&
M7Q?KL9%S%B9G-F1V@[+)L#W2T7]MUHY*">8R!2">P-7W=22=:,90<+Y],D"'
MG #6@S6Q!J@C+K6^@1FZH;F@??.@OJ->O5W<H"9STI#6J N_5XA3]0&/YE&,
M1KR"Q3X1VMSPT8F@[4>_[^10Z*5;A$GI#:VX$.;,(@QV8B<\Y@<RS>7:=:PT
MN>2HP(+_ENZ5"H^6&5\I]56*4AX<WV 5+/<)O<:R.+!(94:BFP /:'# XK+I
MM>:74W8&5@8Z8!8U=O-G1DP9'QB=RSWB1!J7FYOBQH:6PB6X)+X.L,V?C2R%
M;BPP /=""S]Q>'G](%2KL-(0++OA2?':55F%$UP[UD0+YD& ,2*0)A\$W/\I
M(D?H.Q7"F4 _)+)IFH9Z@M(?,T*M:#8>GP8,<RU]BR?D\-"#BMK=7X%[+O@B
MHO()4>A<9*87#I-7NG^HJT1/_CI5%Z%KVF]&1V)>^ ,(LN*_"Z9.]6/[.2-;
M^H9P9M#U2<K=;KI55GMN*@G^_P.Y\0!Z\?B$U_XH99: 0'.II*B.Z)9P F:O
MLQ?V%,= FP*&]<K0W(=D7&7("DFD5CG+ADIPBM:=?=U*=CD_>  S*C;4?]<G
M0HSZW?9NGM?N])U]*X6X8J,]5 6^VF7G*<U-=JV D1XDYC/Z-5:V>WHGSA'N
M\C0<R&%@[HB3)2R#<<@'\([,=6O5N3><65708&CZVOPMF%"<3Y4K"*_5ER1Q
M<PT(B4<YW2@1EQ?W(N6^]Q33BXOW(7YM4.%V>Q3;O<^]?6*>1L_T?<O&ETK<
MJI^',A+1Q:%Q%6V.(=\TAOPKFMDG/%67B'[P*1SE@FQVT1X:_60.,.-NAW%X
M256Z*2!0#3G"7?6)?>>\7B2&E)H*$G9HO@-7$[&#V<X5>PI5?_\)S\N;[(82
MR"$;H=+('_AYQMT!GUPL4L("MAK7@Z(H#W!]##ROA(5Y/][;#8@PVZEKT9((
MC\XDLM&CM4<YX<NNZ/ ;S3Q8IB7M-57LL$-SY1\<BF9^W2.%XM,M)B8! @L\
MJ6SO>^MB2 <5M.YA'M(CIC"3/](CX#[PAE?%R3*G=&HXJX+VXGM)4?_UAU@$
ME/%$R9%G!_$WJI FM+J*(W5SU8ZE&F^"59^^$ELCL3[OI.)U<"]Q)V%/F^MX
MQ.ME&S$7V-F-T:P#!#D!3B>RAG?&&>L_^MQ>7OMI6)6UG6-]\.)O?SW*R(8G
MP!FZ-^!1;4 B[V[QE\T'!VBP/IE6$U#134ITJF'UUYNQ#9(;QFA5?YAGJM?Z
M< B"8_0N]-Q_=;US(G/G]*:K8#5<3^:=08+:;1K#@QDIH&6B"/,^T7 DHJ5_
M'#JM5))2%/#,).#. )&A-5#ST#/M%WMM#!#CTM9Z\G)ODZAXR7]BA.@AW[5,
MIB=#[XDAR'NFB5B2+21I\M\]^5&VG:R_/Q0,B"%KU@;_X1V PP$+&.G45"7N
M&3H2Q@6^TWPV\+%1[F^XTD4G![7:&(!$X9&KM<(=X&,6(VF/AN5)(I:0AR/4
MT?^KQGEN+<'EDI9$$=R7"W8DI?3&C@;*F2N@E8]=2)1I/) ZHI4=TUXFF=S?
M$"-2Z@(<[*6.=@=!57IGG?STWWEO,Q&=',IFW<.!,98TAID8':+'=?<'YSD*
M)8+,@NN ?,TQF=-DQ?1$5;$*&9N4EG4+P&JL!"9$$4#SQG4J9QK6]?)#OCFG
M-UPIN;<!/1O2IQ=A(+)$D%,0>2F3((3%P?2O \%7X)_R6[N:T9>88GPSP)Q1
M/*<8'OC1+_G>AK)7.-_EI*Q)4,"7L<149Z6'B7! !POUE N=3ZORS>R3Z: (
M28LPJV?>8P8D_JNVBZ/A<$+^JRF7OY(Z9.KW*9N@+W7>5,(+VHM[_3[X#& O
M@&[:,16"H_)8 %0&/\RXVK,>U;(C:8RJ/^!=8_V+IM-DB"H<]%"?9?ULC%*&
M(LJDF6PGU[)0-P>!2+&?V5SLK9<#:"WY$@O +HM$"W@/M$WSC8.R=@4=L^>M
ME[^\WP(V6ME)05)D (6=/\N+='WA*BJZ!=P:S)AO98F^PGVD_PK5-4!'8S4;
M#D]?YMC_0G\AAY/N?P+%JPQU6IC[;SI#%TJ=+8.S KF>=4 /5M2@X4R)/P.P
M-$3)NKIXPDY1Y6= NYXBG0_1=C(H8K.F7,_<?:JE;Z)B&:I$L*\F;GL:/UQU
M7B\'#Q\=F23+LG )7"M-;0G"9= E7$2Y=92N?]2GX.>2XG1=09#B;=&]]4:C
M>>/V\>FI3GX-TEL:N(#G>8OTPB"US09- _%H]Q-R+WO93V<J[?@FIP_Q)]GN
M:_M27 $D.!!3)J/=CXJZP#'U/6WK6/1/=U>0TDU%0]4R._CZWJO_[BY2CAV*
MYG&@4(0QJ4(RZ6@_46&Z)1[EU_D))+(*WWT>Y7EC<]JE.V(A3!,_J=?6HMZ/
MAA<B/:Q/V_7%,%VXR@M=?[:'H3V4ZFRB,7M<@LN;X]\@.0*@>N" RH_LF=53
MTBY;AP-4OS0Z1+V-4L5=(FLG]Z4YW]1L8+?J,JO2*M%2"A'<'+H',?$J5GC"
MBD[FK"_[*IU6'%LYI)(4B-8:+2+C()P]OB83LN'J;% ;H<"%%N:S,L X/H%G
MH?W&N._VY<<C*]UW",+@B03VU)1Y+<$65D0F@-BE7E,<NJ^4 .J@8L7>!9C-
MT1_Z:#4G\P""]^K4H:CH/:B8YL=T0_==DN"B/=Q3"^'I4&?R1%ER$RB29RS4
M\86 %'!__DGYC4%%?Z/K 7B84>8Y.@T0F[H-&>E>#ZW4BN:J;D.,,6#P JI3
M#UNU %=Y'*9D-E!=\\<ML^;=)R:B?9%$*I6_30-WA W4_8L.1"[5C?C)DF$$
M]XUN:(*:,M([T'EX/C.LE<DJ@"[<U>2MV3U-"T!,Y%#16D_H9&WN%N>!-T''
M"#'=2AK10VC?,++11 N5@92SZ^(K+SOU]\]Q#RKM='$#N?=S/"4P38K549<X
MI8-[3<';0HP/J2>0ZK(\P<\I$07MV.SP5GDM#;VF$TPV5-*WR#<?56'O\'. 
M\:<;Q>%HG!*CH?BZZ,Q=:#R-O<Y5!&P/,"KU[7N$11ZZ=:QY$MMZ*6\HH040
M/_S&6V2?:K*^@1"T%F8#W.+3YN 6%AQ6;>P9:EN4D:]B%:R)R;F6C+<3%ZCV
MAJ-($$4W'<Q<*%3<G$WS5P]$#/.3SD,^ "L,BC$[ARRV<U?<9'K=N*4639,>
M4O8;4""%#'1@DE 61XA^H?.XE^"H "5Y5ZJ]RP$@S ,(Q)/*6QP)?#%U?48B
M"1)LT.QLWM>](XXXY95+GOQO76']W.^JZ3[LDEH>.22#AM=9A^3%":@D4D!9
MUYE*R<.OLX%\A?;&AW&PTN%6JS^K<@@W/,218B>H%  Q8D3T(E%]A#XM=@8M
M7"&)A/ZM8Y"0O<F5LX\4[+592DJC\M:]K/855+J2XHGS@_V:*KSB@\P^YT,C
MGY,37 E&Q3&<MSCKUPHN(JD0&R93YN<!IL7U4WY"2 ;\A0 C=J'</-[#I??O
M@-$Z<[7R&"P1!U^7'97PI[+W2S6C/&GY^W"3-*^^[1.F/X*.^5FW.G7 'I:/
M6L=)N3^;9&194AVX2_A]5LVY#_;C)Z-#$@$VM_+\'ZHK((A<>OSC  SSC#I'
MP5,5L!<Y@6!$=QWNK\DLY\=^O%3QM35-3L]U3*I,EUG+P&%?OE:VR!#XNL(%
M7;%F*W[X)@BQ([_^AZ?]K<CNANIAX7$)3=[<X9B(E7,B(:_,.04O%'.A.(-:
MV"\/V14;+R=I"8( *Q++CH2ENJ0-^TIF>CPB>%V%;/L8A>:V?U0Y$P!@2(Q,
M]?@$'@_#*%J5I*2N8;+FXD:C?IC@]"'$#OM5S=:/1_B+<6'4 Z>98VXG?]Q@
M6C+%VW'@O=F%4&?R:#UFI?3N^P@J^^FXLJ6$ G4&[LL]\]6K_:(W3=,(TOD!
M6:QJY>Z)H-F0S,?&$7\.I0NA\(8$:<6)A#_GF \.,&@CR6 "-EK +M2F9Y $
M^$2FU=D.P TQ@=OHL-N'6KK"[O>9)R[*WA5J>Y1[OK5I^0A:+C@N465D..!A
M7008GH\Y5(9,Y-@+(^UWA<\'WF3EX+B\B]OX6K/-".V'9AH'B_D=!D5!_9./
M/)Y^"W"B@JYG6':42O^7C2Q-U0M.[,DJWD=ZA7O7N E(]D0$_?KN:1_&B,T+
MIYDY.2IN#QXIP29!> #@)[-@F%IQYIETAXVP:?51^DWS+*D-F*\<XEC1\Y_-
M5\J:IA>YJ>"U1]5K85A8M1-F5/> <TEDV4K1K'H82/+:56-G+((DEZG-\GO7
M#@41Q$O8#3Y1"G'JNR$.$UH?4RE!(H* AL18J=4#01&(6"23]6I85*D8:153
M,.R*,SO)G[_ZRD!P#W5O.:8^/]0-T/T<%J*>LZ>RJ]4%*T">]QY?84E^6X$F
M7P3'G;1V;ZN@%%=5/JG1:*' P8O<L$*'$/CLK\*AJ'"".5L TT6FKPM(R,^&
M:4S>^(]$&&ZDQK4V]'I<J0,H7"&M;L%7Y;U_+&OR&6_]["M3VVNS7LDW\6X4
M?G %<"ISA"!%2_-U4F)*-X@W\>G"1A(3[U#:G68?\)[RW\8\"]5QF918O);L
MV+0.YT9O]3]?:MR-M0FRZU=$IA'2CD#%Z6TC4!-,NOD:D4$VM_S0RAI%.BQM
M)5BH$_.,I!W^7-CJG8"?>WARKYLVC.Y2=E6^)MML<UVG1-[A&:/?@#R?WLJ8
M'^F\B&I_2>S-M2 ?E]L!!%XY6M+.V1A9'C/ @OVL-Z@ 2C-5$%%+B^UF5O!X
MM,OG.CLSL/F$'UMS4U*>I:EX3?J!^&>7NVA-V0/-)7O<_H.6Y8D@Z)$7V\ -
M<15_+<JINC-J8*;2"S_U]\DZRKTMHI4>6>;?ZL>Z6GH!;]K1(<=J[I2;9H6\
M^++YJ?5L"?6A9F('2/Q-6' !H;+!TN,W@9<?=@E"B^$[EY.>;EH<IG+BX]6-
MV,(8 2,J;BUBY\O,KZH:S1:)JPZH1C)6H>[F([=8[F/"U9+_;N3 ]G/10]N3
MJBB_N<]Q-1H1?I92$Q8;.>XKJR5\[T:K65"&<+9ID7ILQ0]M'L=QJAO%2?#7
M&_[ )\C9-[8HG($3Y52E*PEB-R^>PC8V&#FR@IK'P-FC$8WBT="W2W!Q52JD
M-+H'[5H+2[.JZ4*O Y5BMDT)MUJB$/T;0C@ 7HAI$7)&M<:U[ZQ DHBT+[CN
M^5K;K+$+XW:[#7Y[MS\EHSN,.5J[.Q_JT;W".'&M/M&T5AYAQ,[PD7$RWHE-
M+\E/ROSDQ/R6[VCT!I:&=EVM&$S\11.J_Z:9_%R$9.W#5M0S'CQE[FOB[[X+
M%GJ\&P'WIF\YT#H[$']6.'EY#I KYAL^5%/[Z@YG/R53RJ:67#KR2+'/QR5Q
MY)IL;HNTQQ<FT"NB!]I#0? -Y6D3_52^PN@@ YVC+/@M0P/_DV'RT[T[JE?X
M9B=S?OCXD!;[*+)MRP_@5O/@V([."G\#'R?Y/<I/H.$J"8'](-)\#BD_=D",
M"?5KS)],C1EL5@_?L2)D,*-B"PWY$125VR 71 <\LT+_G\][T7H+</*G2YIC
M4]68WUE-;F7WOA=S0:FTD&VN[%#,L%Q*XU'(=19LX^)J"IU-$BAHW4[251-W
MIS'<&;C=P&EC UAIG&'I%K6ZP]+&\$YN?Q\95@-(8:@I2N/N:PO8&9Z6K^30
M1PN==/<?OV[ZEX<^!^'%V4^B4_EOQMZBUOC4\.]4!TGVF'H#%*T?RXH)3:X<
MX%LPZ-W\IJ6+AB+^HYJ$C'^Y)'RP400)D]QH.&GSV,:O<,OU@04Q>2_P!6XI
M:+:%*GKN5)LS>\M[:ND^]PP266&UQJ*H*JEOM[87-I9N*%DFD,B#)!D=R"$@
M(@:#J"13VPCMW(SP&(UQY@4YD-3R?B,9&]^^RXUCTE37I[O&N/>2-1U3=7G,
MN#_IR9]US@@YQO<W\C$R/*,YFZ=VVQ#<]6NN!OV![EGW@#/'X7#>?WO9U?9K
M1S8Y0PEMX:=9EKEF=>Z RR]YCR AXAIL')N-9I5G'I/E%]VA#1G@(;JPU_+2
ML&.)%D<]7D;TV/FZW::S50_JM0!,'0@A$0@_9./6Z'=EV<8$;&?1.(&MHEZ+
MS[&+RWF4^T>3F/C$PI=8.?$?8!,9 UJRU/)BOMO;Z7"$]3UCN, KN+8';!&4
M-M\%J+QL;O>9,*NJP;G<1 6,KY:T[<U8/4QCD[@BL;:9^653GI25;P&+,N,5
M^SO=<_[XPFHR!.;HRXL^);05<8WQ]GYR$BJ3XRS'_E!/LA.-\][[CP<*;T<N
M,N;*ER;%(88U4E*)HYS?:#[86,W?(#\LU@KE<\>Z%9%OT.#+CHH]"556V^%R
M6C,_ZPR7F>8TU5=G-^TB<!E2+Z&EL&*Y7YZ]'5JO/.IH\4GMR.M#DU];U!<[
M#4OD9 M0>#H9J78<W,_<3H1I)"^C,^]J3".SE0N]Q*$GW@/3Y\E=R=I)U>?0
ML57'-=7T []87-PHH^34;;5\%<NM>2*0'.IMC:03HU\BH$^WQI+01R2J!G!9
MH,4K/\;>V>ML1 9]MJZ;Q>O;31@<TD*M'.Y?CI^3YJX"IKKPI[>)O>#'CB N
M'_&DY;3&XP$3NADRC00YXM55X#%&Z7T+ 5J6*E7MLPH\7V$1,R(W2J)Z%K4*
MIS+,DIWV[?1@_TN#W4 <J"!->  [&/1?'RB3U<";_AQ+P;KB)5$A]!;6Y<G.
M!%TBX 2WZO08"QXO'UD4?&(C)^CTV!7BXIO $2=FR%ON%=AL-0-KQ%=R>*61
M4_Z^@.'V;ZQ?^!=X ,=36S!E5/L9-31+Z2M1/2I/U]2#\3TG&7RS>]=GV(H&
M5:DV/_W!G.YM"7<=3_-.A"=HE F3$850AA^;'R;E(T/T[(3!?.=?WS1>EL9$
M>?EHF/3!_AQU*BTX/& 2NA@+7HZ6^SSF!C._ 'YZ^1107#M)P82NXI4VR$?T
M'0Z I9,H@XO)\%V=7GS]:"XJB\VE._=3G(F=O B=\T?X F\_60-G7S.. Y\)
MG:I_2("$7^6*63@W)/EH,RL/Z/,&F$W[P"+@+I/6I97GP@17<QLR8KI_37F$
M*<@2%(QY"##_@^-UH0S[G9[I]A"S(<K*!K_MI5S2"._= &4?6<=N@<MWC*P%
MN%<V\H=/0^22<P6#W1Q[:D).PJY>,OH::05AO+.M=K^V8K$O@3F)&BY#%'S&
MIZR^"=V$OOQ'=@4%K:4 8.IYUEFF>1C<TCL:Y%1] BY7I_?@DM+'YD5XQC*]
M8T,P@%*\62Q2I;4(BF$R,CA_XH+9B="QJW@^28G)D&MB;?K5_$N)T&5>.H>D
M4)X='+G">?@FY3J^_3S/M755T" <?;GHGC;7U30"26>71@S4JZY7T6D@4"[<
MZ:!1-25*ADAS C69R$\*2Q5"\BEFHB+$1Z@3RNF5P"E6AQC@M[K;7ZST<)V>
M36))>(2@XTXM@.Z>JYXE+BFW$+H%,A0;'>NEZ*[4'-NX%E#J\PY&T(@LS3FX
MWK=J![,$\ZH;E>MC[CV#: 9!)@M/O'-Z[$Q8G13@%8\MF.HY 8P21OIR#>;A
M>\4&5%^>&,[WPR[2_7RUV$K_WI)8OFL'48ZFT"<P09T=I8GE"%#5Z#@Z>)-J
M7[2R7")8&$L;!O*CJ(EFCTW]R2<*D^.(#0'^_6E>H:4YGD<E*>M&-GN/[+SU
M-0J['%0-/])4%?/GDNU*1X-N6X>0U*J"1@X88JRREU,P%9;K1Y90IIF"&=>Y
M<MGU+DTGDG-%*S,_GBU"TB5#?0_1/ADS*;1MAM)3Q^9Z#' [+K5=16GWNEPG
M9_ 3[)\+RR4<(7;@#B<ID0W,# ,@9].A7Z7G3. -2KK E6JCLUG^^N/0S=K_
MICS74K6@Q;4&/ZQ32]OBAP)5".<"4#XC*VW5<06*# :5<%>@)".\QU2%TM^3
MCH83FJGTUL3&Q]Q6)]OGDF FC0P4KP\TV:K/F);Y.M)V<-<7@=H)'2_@./!/
MO&1A)"E5&3W.ZO(AQ[=D,TE2M%QM<<I:(0H8]DW].OQN>6HXTEXHJ%MQJ=Z#
M];058J0#KB>H3=0X3%6?1.V/=6 6302:G;KF^@!\(FPQ.<;PLOU@>8"G*QJ?
M+[&+:"WZ?2?9I$G*1KE]5]NBM&^%9E5DY$4,?)@J#'<[%=H(DPV7K:!@\&;1
MQ.[&[9_N,*=WN-Q\CIZ>R8([.DNOBBUS^?U1E<B[YSZ%CL9,+"=YQF7Z\#A8
MX@-N.*\.#(@X:30(B4EDE!2WASBU5 (H^5U_ 5J&F9_\@/-?LS?!(D+-(&]2
M-QVJ[JTWTF7D%*O=;V*#Q^NBY&=E*S=KEZ-H:?<"7:IAV;)U<(^V*[D2W$?!
M&2OY:KO]2#R.9G4]8436$#%V9*9!HB<6K9M7;D+:?N)>^5F@ HCA2M5UL;U=
MC^&H;V*I<!H$*&N.I5HO\W52T&J/&8YWD;A%ICV]Y]?Q!6 P45ZW5T3&O&G;
M+Z88Q31*#F>&HB(]R(53/_];%;=AY9KR6'HVQ%C!EN:A7RC-ZTSQ/B,_WOK=
MCN#0LM[O%:)$F.Q'[_BC#L^D%%6\6 N4)%)F,UJE87QB.%67RS&-CEEAE^21
MI\:I"@Z1,D",7O=^D1MJG-P;0'?Q\6(P$VT9*)C$/A)S.E2 S^S,.WYSR7GS
MKI7&F94>H6))5N%KIB5SAGTFIUW@]=-!>(0)Q4_(^UAU^NT4 %(HWS7X*Y.G
M044'O31$*3JL4(N4XW?5,N!;D0G>^EEI_Z,N24;E6ZE8-&;99Y*<5=T=C^X0
M/2^$@:DSWWQ6=%^@FS+<?)+!Y/:\RS&57;=X\+P=E,5 :N:^TN$),C0PXN-,
MP_\G1M!3&G$G^7F!)'KM3J>!/;H=\!UYAPEX0NC>W/KI!,%A!?"6@S#'CFXE
MU=5 UI]3?[_$&_,H<"48*&K,I;[G\LWI7$46'2[Z2^.8&;M<(* (*YDIA4QM
M1A(X<_ U<B .426GD5?)U-UK&=B@4S8,H+^G AX65! M1\ 8(O*Y5F"Q[]^3
MVB3#!K]MUU>#?ADC@R/M$:<*B8\Y7T."X7MFK9 '('&!- F=@>2M#:5CA%CI
M\U.L1V.549HOGI69H"GVY9RT5F"*73+% D45PWH\[%L8L71\N:(6>"7:+M((
M!O*GI6Q#;O>"G.)]95UZ?C:O)'"RDICNSVC7WN)&L!EQA3KG$:*-L]E@RX:B
MH6ASH.RL]U(2O6-YFRD1.8!_NS4GEQA','L+7X^C3?ZB+BD3W?M>?0(TFZ-F
M5G\LX:\087-&E >RH9R"PB4)5;E@\YQ'K.(A17]:+2I,%+O9KM7-EA9IR0<Z
M=F;K77"#0FAK=[=EWNT@9W<@MHW.J,?K]Q+'6RX$WUZHU82K]5:NMH87B?7H
M\B6B_41KKQZ)K!PI/!B>7R]39M;BOMZ/N_=PS8T]'(]8Y3TU0"M"B)FXEF2)
M @SR>F48)/SL\M' 9T\M]L'[,Z8(4."[IQ"W3=U_D1</#%@O_O[;(#1:V1C,
MIQX@@W0:F% 8 Q#\REBLUPH*H1Z<^4137)< BD\VL5FU2('#N ,/YWUGC4&.
MU@.G56&TZ97]HZ RR0%S-!+5'/Z4RAL$YO41.R(S:JVEIWZQZ*C.^9>/C!8Y
MQBHJA5]PN)R+WO\".S%UBSS)<[);;2 :/Y'2H*#_:6*"NLB7HY"!-QQQN@1C
ME0+>EO$%#!Q!VG:6=/S!2]<#SWE@WDM9^DB13/<SLIK.#ETCF&S<!1;7EIEI
MR__H@H0 ^IV3XA 555O]/ O90LJ#'+8.9^=K)*K!?1J!&3S#13+Z]B!^WM[X
MW1+_<8U&,F^7?!?X.J(;G^^:C,N66WSGHG1\6MJOBNTF23W?8X87?PSX($1<
MBQC7]\ )X6>PN[RE%I%9-B93;U4_H[@HCWDK^ZY*P78,@[?;K-CMS7IK:8;E
M:8$1#3!>'P(-WU*A(CFU<"DIXBIXB)1W$<^37,X'5G*Z*?ME !BF0CSB7J$K
M\\GXVC!$Z/-!QBE_3TT^(-"TA0[P@1+\DP5Q5>NPHDVG1:T3>[2Z]T76[9XA
M:_6<Y@.^?6V'T8 &MT2,SK+PN>'K8D@7V?SZ ";6MF(/R61#=$S?DO 2P^?$
MB*]QQ7'-OAUK&Y_'<<RWQ4C<\I//4"R*A7=Y6+84HW=+@7#1>12<;Y&X'J9[
M:KL3PUC$\AK[$QE)[HO.*UB]/HSRT)3<&N]\4Z.'/^]; %'Y(U9+FW<!.!40
MF\-5:C0F$9+!V=^)D3, H%7(5^&6(FQ:4E;O9N9-RM4]7:XPYV"<OE:RP<8-
M>;1DN3-RIN"Y;0A#FUU/WY,U+,0N 4/W%ZR#!*V"[A0I@_]@V<E?(-DY>&[R
M$O@ HOA0O=JN#<&LT;1^"@E\49,DUY5V_[3FB;I0<?6KHT%!H=4?F!:*N;,M
ME+8=ZZO5.;UX-X^:XL> KQF=SXAQGMV=1J\M%5CYODB-\$P"!YY' Z2D30@!
M998F&;)&#I7%*9O?TF/-^GN8"\%OY\J!5.>Q^K8?C@6AJ$"=^K0/-^!DE8Z1
MZ#JKO=_:OR]"&DR. OM5"UK08K%)F@OF62L6UV3U.SQL]VRK+TJV'*M6F+@X
MU67AFW#G;,YU4XDBMJJAPAR5PX_-P: P'3.ZFOPY1CHB=C')^ A)K'ZRV7MU
MMF7*6G.]O.!;WJ%^/S0"(?.F@9^9L<:)/=:#P:=CLC/0SX^\>\GJQ:MEV;"@
M!M%VF-0_7,(KNMKL9->P7/66HJ]V9_4P,U]AQ$:#^_E117L"&922;T+J.YN%
M6P@$<*47Z6.R%.-)TAG:LE'K0ZX8 ?*,/G$T"R9@G+&>2GM,E)M%J)QIOT0<
MK"KI\_2F62 WAHW#VXB#"4^GPQ,87IV=ZY;7DT'&P -OV31KI-.#S(3M1]0Q
M4NN,#J$_W\G=3[37:U6:!.(=K\ET-AS8H9*BZ).Y,++2[3\/?  E3]F-8M@I
M,2?VHAA.Z,E(IGR6"'P\W $G$V_4B$7CC,9*=IQM0__PGT?%K4-AVKAFTD*[
M"9 1'8R(<\AQDYM!U886/[UL>Q,4"3PTSR TC(H,$HG+F.PZX\<RTL^P91T?
MO^3X$:\YKF53R7%_+SQW:@7F:&3&MMRBC596"CVG_X\4,]PV<\,A:&0L%Z3K
M#R00Z)@-([G5I\T9*-0P>49YR&Q>&SH^:5ZX'+4<4PG DCQZCG9O)=P,S,]0
M_H_$JOXD&KKP*0=#-A ^)<.)1"<^E$&64@X.N:S;(E5F2F1^UY8#WEI..\\R
M1 5_\ND?"Z-%+<7A#(_OU>N.!5WF?QZDE? )SRT*-PU ^T)BS"GZ(2!  B+2
(BV[U 4T"F+< 
 
end
