"ACCT_ID","ACCT_NAME","NOMINAL","VALUATION_P","PFOLIO_CCY","VALUATION_USD","SEC_NAME","ISSUER_NAME","ISIN_NO","INSTR_ID","BRS_CUSIP","MKT_PRICE","MARKET_CAP_USD_AO","MARKET_CAP_USD_SO","MARKET_CAP_USD_CSO","MARKET_CAP_USD_JPCSO","EXCHRATEL_USD","ISSUE_CCY","MATURITY_DATE","AMT_OUTST","SHARES_OUTSTANDING","CLASS_SHARES_OUTSTANDING","JP_CLASS_SHARES_OUTSTANDING","AMT_ISSUED","VALN_DATE","ESI_CORE_L1","ESI_CORE_L2","ESI_CORE_L3","BCAT_Desc","BSIT_P2","BSIT_P3","BSIT_P4","BSIT_P5","BSIT_P6","BSIT_P7","BSIT_P8","BSIT_P9"
