<header>ESIPME_TRN_20190831_1106570.out|1106570||Netik Outbound|CR Transaction|ES|N|DP.SPO_CR_TRANSACTION|SOURCE_ID,ORG_ID,INSTR_ID,ACCT_ID,ACCT_NAME,INQUIRY_BASIS,BNP_SOURCE_TRAN_ID,BNP_SOURCE_TRAN_EV_ID,SETT_INSTR_ID,CLIENT_DEAL_REF,NOMINAL,TRAN_TYPE_CODE,TRAN_TYPE_DESC,PRICE_L,INTEREST_RATE,TRADE_DATE,SETT_DATE,SETT_CCY,NET_SETT_AMT_S,NOTES,ENTRY_DATE,CANCEL_DATE,CANCEL_IND,BACKDATED_IND,STATUS,TRAN_CATEGORY_DESC,ISSUE_CCY,COMMISSION_L,COMMISSION_P,NET_SETT_AMT_L,NET_SETT_AMT_P,GROSS_TRADE_AMT_P,GROSS_TRADE_AMT_L,ORIG_QUANTITY,ACCRUED_INC_L,ACCRUED_INC_P,ACCRUED_INC_DAYS,BNP_TRD_TRAN_ID,TRAN_CATEGORY_CODE,BNP_MARKET_IMPACT_CODE,BNP_MARKET_IMPACT_DESC,BNP_CASH_IMPACT_CODE,BNP_CASH_IMPACT_DESC,BNP_STOCK_IMPACT_CODE,BNP_STOCK_IMPACT_DESC,EXPENSES_L,EXPENSES_P,MATURITY_DATE,BNP_DWH_TRAN_ID,BNP_SOURCE_ASS_ORD_ID,BNP_SOURCE_ASS_TRAN_ID,DWH_EXTRACT_BATCHID,DWH_LAST_UPD_TMS,VALN_DATE,VALN_POINT,OPEN_CLOSE_IND,ENTITLEMENT_NOMINAL,DIVIDEND_RATE,GROSS_INC_AMT_L,GROSS_INC_AMT_P,GROSS_INC_AMT_S,INC_TAX_CREDIT_AMT_L,INC_TAX_CREDIT_AMT_P,INC_TAX_CREDIT_AMT_S,INC_TAX_AMT_L,INC_TAX_AMT_P,INC_TAX_AMT_S,EXPENSES_TAXES_L,EXPENSES_TAXES_P,EXPENSES_STAMPDUTY_L,EXPENSES_STAMPDUTY_P,EXPENSES_CLEARINGFEES_L,EXPENSES_CLEARINGFEES_P,EXPENSES_MISCEXPENSES_L,EXPENSES_MISCEXPENSES_P,HIP_BROKER_CODE,HIP_BROKER_NAME,SOURCE_TRAN_CATEGORY_CODE,SOURCE_TRAN_TYPE_CODE,BOOK_COST_L,BOOK_COST_P,SOURCE_UNITS,INC_WHTTAX_AMT_L,INC_WHTTAX_AMT_P,INC_WHTTAX_AMT_S,REC_WHT_AMT_L,REC_WHT_AMT_P,REC_WHT_AMT_S,FORWARD_FX_RATE,BNP_CA_TRAN_ID,FUTURES_GROSS_TRADE_AMT_L,FUTURES_GROSS_TRADE_AMT_P,FUTURES_NET_TRADE_AMT_L,FUTURES_NET_TRADE_AMT_P,HIP_CASH_ANALYSIS_CODE,HIP_CASH_ANALYSIS_CODE_DESC,DWH_EXTRACT_TMS,PFOLIO_CCY,SETTLE_EXCHANGE_RATE,TRAN_EXCHANGE_RATE,SOURCE_INSTR_ID,SOURCE_SETT_INSTR_ID,SOURCE_BNP_CASH_IMPACT_CODE,SOURCE_BNP_CASH_IMPACT_DESC,ASSET_TYPE,SOURCE_GROSS_INC_AMT_L,SOURCE_GROSS_INC_AMT_P,SOURCE_INC_TAX_AMT_L,SOURCE_INC_TAX_AMT_P,SOURCE_INC_WHTTAX_AMT_L,SOURCE_INC_WHTTAX_AMT_P,SOURCE_NET_SETT_AMT_L,SOURCE_NET_SETT_AMT_P,REALISED_PL_L,REALISED_PL_P,REALISED_PL_FX_P,REALISED_PL_MKT_P,CASH_COST_P,INT_TO_MATURITY_L,INT_TO_MATURITY_P,PERIOD_FROM_DATE,PERIOD_TO_DATE|20</header>
HIPORTUK|ESI|MD_266873|AYAWAN|EPFBOARDPRUL ALWARA AMNGTBHD|13|167386|F167386BA|MD_142224||11112.5|SFXP|SPOT FX|0||${VALN_DATE}|${VALN_DATE}|USD|11112.5|//Indicative Rate///Allocation Ref/LFB1908120122100/TFREF//EM190003093600A1/MUR/26657510|${VALN_DATE} 10:12:00||N|N|C|PURCHASE|USD|0|0|11112.5|11112.5|0|0||0|0||00030936                        |PURC|OFF|OFF MARKET|C|CREDIT|N|NO IMPACT|0|0||369057908||167386|1106570|2019-AUG-12 09:20:25|2019-AUG-31|20|O||0|0|0|0|0|0||0|0|0|||0|0|||||DELFX|FOREIGN EXCHANGE|||11112.5|0|0|0|0|0|0|0||31.402300||||||||2019-AUG-12 09:20:25|USD|0.000000|1.000000|||||FX|||||||||0|0|0|0|0|||${START_DATE}|${LAST_DATE}
HIPORTUK|ESI|MD_142129|NDVDEF|REKSA DANA ES INVESTMENTS VALU E DISCOVERY|13|956820|C956820A|MD_142129|||SLMT|SETTLEMENT|||${VALN_DATE}|${VALN_DATE}|IDR|5882486216||${VALN_DATE} 17:02:00||N|N|C|CASH|IDR|0|0|5882486216|5882486216||||0|0|||CASH|OFF|OFF MARKET|C|CREDIT|N|NO IMPACT|0|0||371573400||472285|1106570|2019-AUG-27 16:16:00|2019-AUG-31|20||||0|0|0|0|0||0|0|0|||0|0|||||||SALE|SALE|0|0|788600|0|0|0|0|0||0.000000||||||||2019-AUG-27 16:16:00|IDR|1.000000|1.000000|MD_213132|MD_142129|R|RECEIVABLE|ACCOUNT|||||||5882486216|5882486216|0|0|0|0|0|||${START_DATE}|${LAST_DATE}
HIPORTUK|ESI|MD_142224|NDSIEF|REKSA DANA ES SYARIAH EQUITY I SLAMIC ASIA PACIFIC USD|13|902667|C902667A|MD_142224|||STLF|SETTLEMENT FX|||${VALN_DATE}|${VALN_DATE}|USD|-118538.58|FFX Buy INR/Sell USD, Broker DELFX    MATURITY 01/08/19|${VALN_DATE} 17:04:00||N|Y|C|CASH|USD|0|0|-118538.58|-118538.58||||0|0|||CASH|OFF|OFF MARKET|D|DEBIT|N|NO IMPACT|0|0||367674250||164304|1106570|2019-AUG-02 16:17:21|2019-AUG-31|20||||0|0|0|0|0||0|0|0|||0|0|||||||PURC|SFXP|0|0||0|0|0|0|0||0.000000||||||||2019-AUG-02 16:17:21|USD|1.000000|1.000000|MD_266873|MD_142224|D|DEBIT|ACCOUNT|||||||-118538.58|-118538.58|0|0|0|0|0|||${START_DATE}|${LAST_DATE}
