PORTFOLIO,EXT_ID1,TRANSACTION,QUANTITY,EX_BROKER,EX_DESK_TYPE,PRICE,COUPON,TRADE_DATE,SETTLE_DATE,SECURITY.SMARTCUT.TD_MATURITY,SECURITY.SMARTCUT.TD_CURRENCY,REL.QUANTITY.CASHROLL,BLOCK_ID,TRADER,DELIVERY,SETTLEMENT_INSTRUCTION,CONFIRMED_BY,CONFIRMED_WITH
APPHMF,20201117-APPHMF-PHP-PDSCB-20201118-2,BUY,41079953.77,SCB-ES,SCB-MAN,100,0.24,20201117,20201117,20201118,PHP,0,1,AUTO,No Settlement,N/A,AUTO,AUTO
APPGRF,20201117-APPGRF-PHP-PDSCB-20201118-2,BUY,82339812.27,SCB-ES,SCB-MAN,100,0.24,20201117,20201117,20201118,PHP,0,2,AUTO,No Settlement,N/A,AUTO,AUTO
APPGRF,20201117-APPGRF-PHP-PDANZ-20201123-2,BUY,170503.78,ANZG-ES,ANZG-MAN,100,0.032,20201117,20201117,20201123,PHP,0,3,AUTO,No Settlement,N/A,AUTO,AUTO
APPPAF,20201117-APPPAF-PHP-PDSCB-20201118-2,BUY,41723331.75,SCB-ES,SCB-MAN,100,0.24,20201117,20201117,20201118,PHP,0,4,AUTO,No Settlement,N/A,AUTO,AUTO
