SOURCE_ID|INSTR_ID|INSTR_LONG_NAME|INSTR_SHORT_NAME|INSTR_TYPE|COUPON_TYPE|ISSUE_CCY|TRADEABLE_QTY|FUTURE_MULTIPLE|COUNTRY_OF_RISK|COUPON_FREQUENCY|COUPON_RATE|CUSIP|DAY_COUNT_BASIS|FUTURES_DELIVERY_DATE|EX_DIVIDEND_IND|EXPIRY_DATE|EXPOSURE_CCY|FIRST_COUPON_DATE|FIXED_FLOATING_IND|ISIN|COUNTRY_OF_ISSUE|ISSUE_DATE|ISSUE_INT_RATE|LAST_COUPON_DATE|MATURITY_DATE|NEXT_COUPON_DATE|PRIMARY_EXCHANGE|FACTOR|FACTOR_EFF_DATE|PUT_CALL_IND|SEDOL|SINKING_FUND_IND|STRIKE_PRICE_L|SWAP_LEG_IND|LINK_INSTR_ID|HIP_SECURITY_CODE|GL_TYPE|CATEGORY|SUB_CATEGORY|DWH_EXTRACT_BATCHID|DWH_LAST_UPD_TMS|EX_CUM_IND|CLEARED_OTC_FLAG|CCP_CLEARING_HOUSE_CODE|CCP_CLEARING_MEMBER_CODE|HIP_EXT2_ID|BLOOMBERG_GLOBAL_ID|INDEX_RATIO|HIP_BROKER_CODE|HIP_BROKER_NAME|EXCHANGE_TICKER|HIP_INDEX_CODE|INTEREST_MARGIN|REGISTRATION_TYPE|DEFAULT_STATUS|FIRST_PRIN_DATE|FX_OPTION_CONTRA_CCY
HIPORTUK|MD_545227|IRS REC 25/02/2025 UB C5AX -  2.2580% AUD|IRSUB C5AX AU250225R|BVSIXXXXXU||AUD|1||AU|2|||ACT_365||||AUD|2022-AUG-25|FI||AU|2022-FEB-25|||2025-FEB-25|||||||||Receivable|MD_545228|XXXC5AXR||||4903493|2019-FEB-25 17:01:31||N|||BPM2FAXY7|||||||0||||
HIPORTUK|MD_545228|IRS PAY 25/02/2025 UB C5AX -  6M AUD-BBR|IRSUB C5AX AU250225P|BVSIXXXXXU||AUD|1||AU|2|||ACT_365||||AUD|2022-AUG-25|FL||AU|2022-FEB-25|||2025-FEB-25|||||||||Payable|MD_545227|XXXC5AXP||||4903493|2019-FEB-25 17:01:31||N|||BPM2FAXZ4||||||AUD6M|0||||