<header>ESIPME_PFL_20200531_1544051.out|1544051|N1|Netik Outbound|CR Portfolio|ES|N|DP.O_CR_PORTFOLIO|SOURCE_ID,ORG_ID,ACCT_ID,ACCT_NAME,PFOLIO_CCY,ACCT_TYPE,ACCT_STATUS,DWH_EXTRACT_BATCHID,DWH_LAST_UPD_TMS,CLIENT_PORTFOLIO_CODE,CLIENT_PORTFOLIO_GROUPING_NAME|20</header>
HIPORTUK|ESI|AYAWAN|EPFBOARDPRUL ALWARA AMNGTBHD|USD|S|A|1544051|2020-JUN-02 12:20:23|AYAWAN|
HIPORTUK|ESI|NDSIEF|REKSA DANA ES SYARIAH EQUITY I SLAMIC ASIA PACIFIC USD|USD|S|A|683387|2018-DEC-03 17:01:08|NDSIEF|
HIPORTUK|ESI|NDVDEF|REKSA DANA ES INVESTMENTS VALU E DISCOVERY|IDR|S|A|685686|2018-DEC-04 09:51:16|NDVDEF|