<header>ESISODP_POS_3_20180914_4391784.out|4391784||Netik Outbound|Position|ES|N|DP.SPO_SOD_POSITIONS|SOURCE_ID|ORG_ID|INSTR_ID|ASSET_TYPE|ACCT_ID|VALN_DATE|RUN_DATE|VALN_POINT_ID|INQUIRY_BASIS|PK_ID |PFOLIO_CCY|ISSUE_CCY|LONG_SHORT_IND|BALANCE_TYPE|VALUATION_P|VALUATION_L|BOOK_COST_P|BOOK_COST_L|ACCRUED_INC_P|ACCRUED_INC_L|NOMINAL|PRICE_L|PRICE_DATE|MATURITY_DATE|DEAL_DATE|INTEREST_RATE|TERM_DAYS|ACCRUED_INC_DAYS|TRAN_ID|PRICING_FACTOR|DWH_EXTRACT_BATCHID|DWH_LAST_UPD_TMS|PRICE_POLICY_CODE|ORIG_QUANTITY|UNSETTLED_PURC_UNITS|UNSETTLED_SALE_UNITS|HIP_BROKER_CODE|TRADE_DATE|NDF_FIX_DATE|NDF_PAY_CCY|3</header>
HIPORTUK|ESI|MD_502174|STOCK|AHPHMF|2018-SEP-14|2018-SEP-17|3|1|HIPORTUK~ESI~MD_502174~AHPHMF~2018-SEP-14~2018-SEP-17~3~1~~~2024-DEC-09~26F0E2F4FF514D84B821A24BD84B5874|HKD|HKD|L||-527554.79|-527554.79|0.00|0.00|0.00|0.00|384560000.0000|-0.137184|2018-SEP-13|2024-DEC-09||||||.01|4391784|2018-SEP-17 05:52:17|S       |384560000|0.000000|0.000000||||
IPORTUK|ESI|MD_503416|STOCK|AHPHMF|2018-SEP-14|2018-SEP-17|3|1|HIPORTUK~ESI~MD_503416~AHPHMF~2018-SEP-14~2018-SEP-17~3~1~~~2028-MAY-04~D4006949B8B0F9F02D80E55374C2BF66|HKD|HKD|L||-291399.66|-291399.66|0.00|0.00|0.00|0.00|113182500.0000|-0.257460|2018-SEP-13|2028-MAY-04||||||.01|4391784|2018-SEP-17 05:52:17|S       |113182500|0.000000|0.000000||||
HIPORTUK|ESI|MD_142206|ACCOUNT|AGOBOA|2018-SEP-14|2018-SEP-17|3|1|HIPORTUK~ESI~MD_142206~AGOBOA~2018-SEP-14~2018-SEP-17~3~1~~~~5F9EF60F339D1774D804C39B1DCFE4FD|GBP|THB|L|RCB|692677.01|29488784.00|690916.93|29488784.00|0.00|0.00|0.0000||||||||||4391784|2018-SEP-17 05:46:47|||0.000000|0.000000||||
HIPORTUK|ESI|MD_142221|ACCOUNT|AGOBOA|2018-SEP-14|2018-SEP-17|3|1|HIPORTUK~ESI~MD_142221~AGOBOA~2018-SEP-14~2018-SEP-17~3~1~~~~672C1FEEE8FE466A61855C7D600C6148|GBP|TWD|L|CUR|5355142.36|215299750.00|5417634.62|215299750.00|0.00|0.00|0.0000||||||||||4391784|2018-SEP-17 05:46:47|||0.000000|0.000000||||
HIPORTUK|ESI|MD_145779|ACCOUNT|AGOBOA|2018-SEP-14|2018-SEP-17|3|1|HIPORTUK~ESI~MD_145779~AGOBOA~2018-SEP-14~2018-SEP-17~3~1~2.100000~2018-JUL-23~2018-JUL-24~B9C48D9458178D9E8D994EBF6467BAE8|GBP|USD|L|CUR|0.00|0.00|0.00|0.00|0.01|0.01|0.0000|||2018-JUL-24|2018-JUL-23|2.100000|1||||4391784|2018-SEP-17 05:46:47|||0.000000|0.000000||||
HIPORTUK|ESI|MD_145779|ACCOUNT|AGOBOA|2018-SEP-14|2018-SEP-17|3|1|HIPORTUK~ESI~MD_145779~AGOBOA~2018-SEP-14~2018-SEP-17~3~1~1.850000~2018-APR-27~2018-APR-27~C95AC7B2C837F483EEA5648F7334C9FD|GBP|USD|L|CUR|0.00|0.00|0.00|0.00|-11555.13|-15108.33|0.0000|||2018-APR-27|2018-APR-27|1.850000|0||||4391784|2018-SEP-17 05:46:47|||0.000000|0.000000||||
HIPORTUK|ESI|MD_145779|ACCOUNT|AGOBOA|2018-SEP-14|2018-SEP-17|3|1|HIPORTUK~ESI~MD_145779~AGOBOA~2018-SEP-14~2018-SEP-17~3~1~2.100000~2018-AUG-06~2018-AUG-07~EE5144AE8EBD0423F4241668B63CBC90|GBP|USD|L|CUR|0.00|0.00|0.00|0.00|-0.01|-0.01|0.0000|||2018-AUG-07|2018-AUG-06|2.100000|1||||4391784|2018-SEP-17 05:46:47|||0.000000|0.000000||||
HIPORTUK|ESI|MD_517502|STOCK|ASPMAN|2018-SEP-14|2018-SEP-17|3|1|HIPORTUK~ESI~MD_517502~ASPMAN~2018-SEP-14~2018-SEP-17~3~1~~~2018-NOV-23~AADAC695A1F1CA2632AD9B5031C224F1|SGD|SGD|L||49835993.23|49835993.23|49819500.00|49819500.00|0.00|0.00|50000000.0000|1.715985|2018-SEP-14|2018-NOV-23||||||.01|4391784|2018-SEP-17 05:46:47|S       ||0.000000|0.000000||||
HIPORTUK|ESI|MD_141446|ACCOUNT|ASPMAN|2018-SEP-14|2018-SEP-17|3|1|HIPORTUK~ESI~MD_141446~ASPMAN~2018-SEP-14~2018-SEP-17~3~1~~~~E02BE1130291F9122FD803D06E4A195E|SGD|USD|L|CUR|2976841.68|2170000.00|2975460.01|2170000.00|0.00|0.00|0.0000||||||||||4391784|2018-SEP-17 05:46:47|||0.000000|0.000000||||
HIPORTUK|ESI|MD_142114|ACCOUNT|ALWVEA|2018-SEP-14|2018-SEP-17|3|1|HIPORTUK~ESI~MD_142114~ALWVEA~2018-SEP-14~2018-SEP-17~3~1~~~~32F8CE902DF43BA8F24CE37D9CD5C6DD|USD|HKD|L|RCB|6078.85|47696.29|6076.68|47696.29|0.00|0.00|0.0000||||||||||4391784|2018-SEP-17 05:46:53|||0.000000|0.000000||||
HIPORTUK|ESI|MD_142132|ACCOUNT|ALWVEA|2018-SEP-14|2018-SEP-17|3|1|HIPORTUK~ESI~MD_142132~ALWVEA~2018-SEP-14~2018-SEP-17~3~1~~~~8CD0EB9277620E2BF59EED280152CE7D|USD|INR|L|CUR|15539.61|1116365.54|16498.29|1116365.54|0.00|0.00|0.0000||||||||||4391784|2018-SEP-17 05:46:53|||0.000000|0.000000||||
HIPORTUK|ESI|MD_142224|ACCOUNT|ALWVEA|2018-SEP-14|2018-SEP-17|3|1|HIPORTUK~ESI~MD_142224~ALWVEA~2018-SEP-14~2018-SEP-17~3~1~~~~FB4229A69F8656E5540664D191D31C83|USD|USD|L|RCB|6992.52|6992.52|6992.52|6992.52|0.00|0.00|0.0000||||||||||4391784|2018-SEP-17 05:46:53|||0.000000|0.000000||||
HIPORTUK|ESI|MD_146807|STOCK|ALWVEA|2018-SEP-14|2018-SEP-17|3|1|HIPORTUK~ESI~MD_146807~ALWVEA~2018-SEP-14~2018-SEP-17~3~1~~~~9168155897DA781F35E13A694DC9A083|USD|KRW|L||118354.57|132148800.00|186382.81|213793762.50|||4416.0000|29925.000000|2018-SEP-14|||||||1|4391784|2018-SEP-17 05:46:53|S       ||0.000000|0.000000||||
HIPORTUK|ESI|MD_146961|STOCK|ALWVEA|2018-SEP-14|2018-SEP-17|3|1|HIPORTUK~ESI~MD_146961~ALWVEA~2018-SEP-14~2018-SEP-17~3~1~~~~B226D51FACD76AC7DFA962022CFA09E8|USD|TWD|L||585116.84|17991750.00|375556.47|11989891.80|||69000.0000|260.750000|2018-SEP-14|||||||1|4391784|2018-SEP-17 05:46:53|S       ||0.000000|0.000000||||
HIPORTUK|ESI|MD_152938|STOCK|ALWVEA|2018-SEP-14|2018-SEP-17|3|1|HIPORTUK~ESI~MD_152938~ALWVEA~2018-SEP-14~2018-SEP-17~3~1~~~~A511AC583E0B2E326F69D9A63FF06213|USD|HKD|L||139388.50|1093680.00|110740.58|861251.89|||124000.0000|8.820000|2018-SEP-14|||||||1|4391784|2018-SEP-17 05:46:53|S       ||0.000000|0.000000||||
HIPORTUK|ESI|MD_155137|STOCK|ALWVEA|2018-SEP-14|2018-SEP-17|3|1|HIPORTUK~ESI~MD_155137~ALWVEA~2018-SEP-14~2018-SEP-17~3~1~~~~F94118E598E70A6FE1CF91ACF5997758|USD|HKD|L||70757.17|555180.00|52634.32|411372.65|||38000.0000|14.610000|2018-SEP-14|||||||1|4391784|2018-SEP-17 05:46:53|S       ||0.000000|0.000000||||
HIPORTUK|ESI|MD_283278|STOCK|ASPGEM|2018-SEP-14|2018-SEP-17|3|1|HIPORTUK~ESI~MD_283278~ASPGEM~2018-SEP-14~2018-SEP-17~3~1~~~~B048D4A4C5AA1AB284F8C861E6EC93D5|USD|USD|L||8498215.23|8498215.23|6997409.43|6997409.43|||414446.0000|20.505000|2018-SEP-14|||||||1|4391784|2018-SEP-17 05:52:15|S       ||0.000000|0.000000||||
HIPORTUK|ESI|MD_146807|STOCK|ASPGEM|2018-SEP-14|2018-SEP-17|3|1|HIPORTUK~ESI~MD_146807~ASPGEM~2018-SEP-14~2018-SEP-17~3~1~~~~D336D8112AFD57FFA30E6E3799132CE5|USD|KRW|L||7457865.73|8327080125.00|10550991.97|11759188643.20|||278265.0000|29925.000000|2018-SEP-14|||||||1|4391784|2018-SEP-17 05:52:15|S       ||0.000000|0.000000||||
HIPORTUK|ESI|MD_358180|STOCK|ASPGEM|2018-SEP-14|2018-SEP-17|3|1|HIPORTUK~ESI~MD_358180~ASPGEM~2018-SEP-14~2018-SEP-17~3~1~~~~2D5EB60541F709566522E57F3D549689|USD|BRL|L||3524146.77|14744275.38|4286044.51|13738050.19|||1615811.0000|9.125000|2018-SEP-14|||||||1|4391784|2018-SEP-17 05:52:15|S       ||0.000000|0.000000||||
HIPORTUK|ESI|MD_266873|FX|ALAPEF|2018-SEP-14|2018-SEP-17|3|1|HIPORTUK~ESI~MD_266873~ALAPEF~2018-SEP-14~2018-SEP-17~3~1~~~2018-SEP-17~E6182F08BCB53FDAA5F0C08FC6DCCE4F|USD|USD|S||-232214.22|-232214.22|-232214.22|-232214.22|||-232214.2200|1.307500|2018-SEP-14|2018-SEP-17|||||47559||4391784|2018-SEP-17 05:52:15|||0.000000|0.000000|BNYHK|2018-SEP-14||
HIPORTUK|ESI|MD_140815|FX|ASPRAB|2018-SEP-14|2018-SEP-17|3|1|HIPORTUK~ESI~MD_140815~ASPRAB~2018-SEP-14~2018-SEP-17~3~1~~~2018-OCT-22~4929EEEAA2DF9531BA5981DBA80BAEDB|SGD|USD|S||-5327711.24|-3886000.00|-5339480.58|-3886000.00|||-3886000.0000|1.309555|2018-SEP-14|2018-OCT-22|||||38013||4391784|2018-SEP-17 05:46:52|||0.000000|0.000000|UBSGFX|2018-AUG-16||
HIPORTUK|ESI|MD_140815|FX|ASPRAB|2018-SEP-14|2018-SEP-17|3|1|HIPORTUK~ESI~MD_140815~ASPRAB~2018-SEP-14~2018-SEP-17~3~1~~~2018-DEC-11~91E39E153D0D104E03D276C1874454CE|SGD|USD|S||-2260016.57|-1650000.00|-2211495.00|-1650000.00|||-1650000.0000|1.312449|2018-SEP-14|2018-DEC-11|||||8987||4391784|2018-SEP-17 05:46:52|||0.000000|0.000000|WESS|2017-DEC-07||
HIPORTUK|ESI|MD_140815|FX|ASPRAB|2018-SEP-14|2018-SEP-17|3|1|HIPORTUK~ESI~MD_140815~ASPRAB~2018-SEP-14~2018-SEP-17~3~1~~~2018-DEC-11~E13BF5C05861D527F3B304DA34315CFC|SGD|USD|S||-5561010.47|-4060000.00|-5364072.00|-4060000.00|||-4060000.0000|1.312449|2018-SEP-14|2018-DEC-11|||||8978||4391784|2018-SEP-17 05:46:52|||0.000000|0.000000|UBSGFX|2018-JAN-04||
