<header>ESISODP_SDP_1_20180914_4389908.out|4389908||Netik Outbound|SOD Position|ES|N|DP.SPO_SOD_POSITIONS|SOURCE_ID|ORG_ID|INSTR_ID|ASSET_TYPE|ACCT_ID|VALN_DATE|RUN_DATE|VALN_POINT_ID|INQUIRY_BASIS|PK_ID |PFOLIO_CCY|ISSUE_CCY|LONG_SHORT_IND|BALANCE_TYPE|VALUATION_P|VALUATION_L|BOOK_COST_P|BOOK_COST_L|ACCRUED_INC_P|ACCRUED_INC_L|NOMINAL|PRICE_L|PRICE_DATE|MATURITY_DATE|DEAL_DATE|INTEREST_RATE|TERM_DAYS|ACCRUED_INC_DAYS|TRAN_ID|PRICING_FACTOR|DWH_EXTRACT_BATCHID|DWH_LAST_UPD_TMS|PRICE_POLICY_CODE|ORIG_QUANTITY|UNSETTLED_PURC_UNITS|UNSETTLED_SALE_UNITS|NDF_FIX_DATE|NDF_PAY_CCY|1</header>
HIPORTUK|ESI|MD_488662|STOCK|16SUNE|2018-SEP-14|2018-SEP-14|1|10|HIPORTUK~ESI~MD_488662~16SUNE~2018-SEP-14~2018-SEP-14~1~10~~~2022-JUL-06~088F78A325FFF3D90D4A90068A5751AB|SGD|SGD|L||495027.95|495027.95|490000.00|490000.00|2557.95|2557.95|500000.0000|98.494000|2018-SEP-14|2022-JUL-06||||71||.01|4389908|2018-SEP-14 19:01:45|S       |500000|0.000000|0.000000||
HIPORTUK|ESI|MD_256383|STOCK|16SUNE|2018-SEP-14|2018-SEP-14|1|10|HIPORTUK~ESI~MD_256383~16SUNE~2018-SEP-14~2018-SEP-14~1~10~~~2027-MAR-01~293C04603C1336FE5E2A960C8AED812C|SGD|SGD|L||6769709.94|6769709.94|7018830.65|7018830.65|8459.94|8459.94|6250000.0000|108.180000|2018-SEP-14|2027-MAR-01||||14||.01|4389908|2018-SEP-14 19:01:45|S       |6250000|0.000000|0.000000||
HIPORTUK|ESI|MD_472994|STOCK|16SUNE|2018-SEP-14|2018-SEP-14|1|10|HIPORTUK~ESI~MD_472994~16SUNE~2018-SEP-14~2018-SEP-14~1~10~3.750000~~2027-MAY-18~3ACBF5303255FF6FA6D164D692F04D39|SGD|SGD|L||2275901.48|2275901.48|2251750.00|2251750.00|27739.73|27739.73|2250000.0000|99.918300|2018-SEP-14|2027-MAY-18||3.750000||120||.01|4389908|2018-SEP-14 19:01:45|S       |2250000|0.000000|0.000000||
HIPORTUK|ESI|MD_435896|STOCK|16SUNE|2018-SEP-14|2018-SEP-14|1|10|HIPORTUK~ESI~MD_435896~16SUNE~2018-SEP-14~2018-SEP-14~1~10~4.050000~~2025-DEC-02~D1E1AEA7A3AC09C605A80D86FC645D50|SGD|SGD|L||2362481.52|2362481.52|2384653.85|2384653.85|26214.04|26214.04|2250000.0000|103.834110|2018-SEP-14|2025-DEC-02||4.050000||105||.01|4389908|2018-SEP-14 19:01:45|S       |2250000|0.000000|0.000000||
HIPORTUK|ESI|MD_448140|STOCK|16SUNE|2018-SEP-14|2018-SEP-14|1|10|HIPORTUK~ESI~MD_448140~16SUNE~2018-SEP-14~2018-SEP-14~1~10~~~2026-JUN-01~FA3A8EFFABE1EEC07AA47DAAD15F9D25|SGD|SGD|L||5919926.23|5919926.23|6012830.70|6012830.70|36926.23|36926.23|6000000.0000|98.050000|2018-SEP-14|2026-JUN-01||||106||.01|4389908|2018-SEP-14 19:01:45|S       |6000000|0.000000|0.000000||
HIPORTUK|ESI|MD_450410|STOCK|16SUNE|2018-SEP-14|2018-SEP-14|1|10|HIPORTUK~ESI~MD_450410~16SUNE~2018-SEP-14~2018-SEP-14~1~10~~~2022-JUL-04~322D0F55F6CB16E357EE09669FDA2C9F|SGD|SGD|L||744375.73|744375.73|741825.00|741825.00|4155.00|4155.00|750000.0000|98.696097|2018-SEP-14|2022-JUL-04||||73||.01|4389908|2018-SEP-14 19:01:45|S       |750000|0.000000|0.000000||
HIPORTUK|ESI|MD_471738|STOCK|16SUNE|2018-SEP-14|2018-SEP-14|1|10|HIPORTUK~ESI~MD_471738~16SUNE~2018-SEP-14~2018-SEP-14~1~10~3.900000~~2027-APR-27~7629CA71C24271675CF93E514F9C0108|SGD|SGD|L||1017444.75|1017444.75|1000000.00|1000000.00|15065.75|15065.75|1000000.0000|100.237900|2018-SEP-14|2027-APR-27||3.900000||141||.01|4389908|2018-SEP-14 19:01:45|S       |1000000|0.000000|0.000000||
HIPORTUK|ESI|MD_337519|STOCK|16SUNE|2018-SEP-14|2018-SEP-14|1|10|HIPORTUK~ESI~MD_337519~16SUNE~2018-SEP-14~2018-SEP-14~1~10~~~2030-SEP-01~AFA3E032C5D2B9773991A965963160F9|SGD|SGD|L||4258364.30|4258364.30|4511145.00|4511145.00|4614.30|4614.30|4150000.0000|102.500000|2018-SEP-14|2030-SEP-01||||14||.01|4389908|2018-SEP-14 19:01:45|S       |4150000|0.000000|0.000000||
HIPORTUK|ESI|MD_349946|STOCK|16SUNE|2018-SEP-14|2018-SEP-14|1|10|HIPORTUK~ESI~MD_349946~16SUNE~2018-SEP-14~2018-SEP-14~1~10~~~2024-SEP-01~CB712334CE31E52FBA504A030079DF48|SGD|SGD|L||2080320.44|2080320.44|2174853.15|2174853.15|2320.44|2320.44|2000000.0000|103.900000|2018-SEP-14|2024-SEP-01||||14||.01|4389908|2018-SEP-14 19:01:45|S       |2000000|0.000000|0.000000||
HIPORTUK|ESI|MD_420116|STOCK|16SUNE|2018-SEP-14|2018-SEP-14|1|10|HIPORTUK~ESI~MD_420116~16SUNE~2018-SEP-14~2018-SEP-14~1~10~~~2025-JUN-01~BDFB343788DDB74023828A31B0C04C51|SGD|SGD|L||3226810.93|3226810.93|3310060.00|3310060.00|22010.93|22010.93|3200000.0000|100.150000|2018-SEP-14|2025-JUN-01||||106||.01|4389908|2018-SEP-14 19:01:45|S       |3200000|0.000000|0.000000||
