SOURCE_ID|INSTR_ID|INSTR_LONG_NAME|INSTR_SHORT_NAME|INSTR_TYPE|COUPON_TYPE|ISSUE_CCY|TRADEABLE_QTY|FUTURE_MULTIPLE|COUNTRY_OF_RISK|COUPON_FREQUENCY|COUPON_RATE|CUSIP|DAY_COUNT_BASIS|FUTURES_DELIVERY_DATE|EX_DIVIDEND_IND|EXPIRY_DATE|EXPOSURE_CCY|FIRST_COUPON_DATE|FIXED_FLOATING_IND|ISIN|COUNTRY_OF_ISSUE|ISSUE_DATE|ISSUE_INT_RATE|LAST_COUPON_DATE|MATURITY_DATE|NEXT_COUPON_DATE|PRIMARY_EXCHANGE|FACTOR|FACTOR_EFF_DATE|PUT_CALL_IND|SEDOL|SINKING_FUND_IND|STRIKE_PRICE_L|SWAP_LEG_IND|LINK_INSTR_ID|HIP_SECURITY_CODE|GL_TYPE|CATEGORY|SUB_CATEGORY|DWH_EXTRACT_BATCHID|DWH_LAST_UPD_TMS|EX_CUM_IND|CLEARED_OTC_FLAG|CCP_CLEARING_HOUSE_CODE|CCP_CLEARING_MEMBER_CODE|HIP_EXT2_ID|BLOOMBERG_GLOBAL_ID|INDEX_RATIO|HIP_BROKER_CODE|HIP_BROKER_NAME|EXCHANGE_TICKER|HIP_INDEX_CODE|INTEREST_MARGIN|REGISTRATION_TYPE|DEFAULT_STATUS|FIRST_PRIN_DATE|FX_OPTION_CONTRA_CCY
HIPORTUK|MD_169066|TYSON FOODS INC CLASS A|TYSON FOODS|IESVUFRXXL||USD|1000||||||||N||USD|||US9024941034|US||||||XNYS||||2909730|||||TSN.N||||3401868|2018-JAN-12 00:32:44|||||902494103|BBG000DKCC19||||TSN||0|||||
HIPORTUK|MD_488885|MOIL LTD|MOIL LTD|IESVUFRXXL||INR|1||||||||N||INR|||INE490G01020|IN||||||||||B4NRBT1|||||XB4NRBT1||||3401868|2018-JAN-12 00:32:44|||||SB4NRBT16|BBG000PW2YN9||||MOIL BN||0|||||
HIPORTUK|MD_466483|EURO STOXX 50 MAR 18|EURO STOXX|BFFIXXXXXU||EUR|100||||||||N||EUR|||DE000C0NSEN6|NL|||||||||||||||FESX18H||||3401868|2018-JAN-12 00:32:44||||||BBG00FY2JQC3||||VGH8||0|||||
HIPORTUK|MD_215512|GUOCOLAND LTD|GUOCOLAND LTD|IESVUFRXXL||SGD|100||||||||N||SGD|||SG1R95002270|SG||||||||||6786735|||||FACP.SI||||3401868|2018-JAN-12 00:32:44|||||S67867358|BBG000BDGHM9||||GUOL||0|||||
HIPORTUK|MD_485773|SOCIETE GENERALE SA|SOCIETE GENERALE SA|BDBFXXXXXU|F|HKD|200000||HK|1|32.7|EI3985567|ICMA:30_360||||HKD|2017-NOV-15||XS0526688832|HK|2017-MAY-15|||2027-MAY-15|2018-MAY-15|||||BF02SW8|N||||XBF02SW8||||3401868|2017-DEC-23 02:51:58|C||||BRSAAG993|BBG0015VR9D0|0|||SOCGEN||0|Regulation S
HIPORTUK|MD_496784|KOREA EXPRESSWAY CORP|KOREA EXPRESSWAY CORP|BDBFTXXXXU|F|HKD|200000||HK|1|3.02|AR4634150|ICMA:30_365||||HKD|2017-NOV-15||XS1785327666|HK|2017-MAY-15|||2027-MAY-15|2018-MAY-15|||||BFX0H22|N||||XBFX0H22||||3401868|2017-DEC-23 02:51:58|C||||BRTFKA4G2|BBG00K5WSWV4|0|||HIGHWY||0|Regulation S
HIPORTUK|MD_488661|EXPORT-IMPORT BANK OF CHINA|EXPORT-IMPORT BANK OF CHINA|BDBFTXXXXU|F|USD|200000||CN|2|4|Y23862LQ9|ICMA:30_360||||USD|2017-NOV-15||XS1717764143|CN|2017-MAY-15|||2027-MAY-15|2018-MAY-15|||||BF2W0R5|N||||XBF2W0R5||||3401868|2017-DEC-23 02:51:58|C||||BPM10FUH4|BBG00J9YSGK6|0|||EXIMCH||0|Regulation S
HIPORTUK|MD_146961|TAIWAN SEMICONDUCTOR MANUFACTURING TWD10|TAIWAN SEMICNDCTR|IESVUFRXXL||TWD|1000||TW||||||N||TWD|||TW0002330008|TW||||||XTAI|||||||||2330.TT||||3401868|2018-JAN-12 00:32:44||||||BBG000BN2HR7||||2330||0||||
