StartDate|EndDate|EagleCode|1MSectorAvg|Peergrouprank-1Month|Noofinvestmentsrankedinpeergroup-1Month|Peergroupquartile-1Month|Peergrouppercentile-1Month|3MSectorAvg|Peergrouprank-3Months|Noofinvestmentsrankedinpeergroup-3Months|Peergroupquartile-3Months|Peergrouppercentile-3Months|6MSectorAvg|Peergrouprank-6Months|Noofinvestmentsrankedinpeergroup-6Months|Peergroupquartile-6Months|Peergrouppercentile-6Months|YTDSectorAvg|Peergrouprank-YTD|Noofinvestmentsrankedinpeergroup-YTD|Peergroupquartile-YTD|Peergrouppercentile-YTD|1YSectorAvg|Peergrouprank-1Year|Noofinvestmentsrankedinpeergroup-1Year|Peergroupquartile-1Year|Peergrouppercentile-1Year|2Yp.a.SectorAvg|Peergrouprank-2Years|Noofinvestmentsrankedinpeergroup-2Years|Peergroupquartile-2Years|Peergrouppercentile-2Years|3Yp.a.SectorAvg|Peergrouprank-3Years|Noofinvestmentsrankedinpeergroup-3Years|Peergroupquartile-3Years|Peergrouppercentile-3Years|5Yp.a.SectorAvg|Peergrouprank-5Years|Noofinvestmentsrankedinpeergroup-5Years|Peergroupquartile-5Years|Peergrouppercentile-5Years|10Yp.a.SectorAvg|Peergrouprank-10Years|Noofinvestmentsrankedinpeergroup-10Years|Peergroupquartile-10Years|Peergrouppercentile-10Years|Primaryp.a.SectorAvg|Peergrouprank-Inception|Noofinvestmentsrankedinpeergroup-Inception|Peergroupquartile-Inception|Peergrouppercentile-Inception|
|31/10/2020|NDANEF|null|null|null|null|null|13.89480000000000|4|6|null|null|null|null|null|8|43|-17.27400000000000|10|12|11|44|-19.99720000000000|13|15|14|45||61|63|62|48|-5.706000000000000|16|18|17|49|1.043600000000000|19|21|20|50||22|24|23|51|0.1437323638630286|26|28|27|52|
