StartDate|EndDate|EagleCode|1MSectorAvg|Peergrouprank-1Month|Noofinvestmentsrankedinpeergroup-1Month|Peergroupquartile-1Month|Peergrouppercentile-1Month|3MSectorAvg|Peergrouprank-3Months|Noofinvestmentsrankedinpeergroup-3Months|Peergroupquartile-3Months|Peergrouppercentile-3Months|6MSectorAvg|Peergrouprank-6Months|Noofinvestmentsrankedinpeergroup-6Months|Peergroupquartile-6Months|Peergrouppercentile-6Months|YTDSectorAvg|Peergrouprank-YTD|Noofinvestmentsrankedinpeergroup-YTD|Peergroupquartile-YTD|Peergrouppercentile-YTD|1YSectorAvg|Peergrouprank-1Year|Noofinvestmentsrankedinpeergroup-1Year|Peergroupquartile-1Year|Peergrouppercentile-1Year|2YSectorAvg|Peergrouprank-2Years|Noofinvestmentsrankedinpeergroup-2Years|Peergroupquartile-2Years|Peergrouppercentile-2Years|3YSectorAvg|Peergrouprank-3Years|Noofinvestmentsrankedinpeergroup-3Years|Peergroupquartile-3Years|Peergrouppercentile-3Years|5YSectorAvg|Peergrouprank-5Years|Noofinvestmentsrankedinpeergroup-5Years|Peergroupquartile-5Years|Peergrouppercentile-5Years|10YSectorAvg|Peergrouprank-10Years|Noofinvestmentsrankedinpeergroup-10Years|Peergroupquartile-10Years|Peergrouppercentile-10Years|Primaryp.a.SectorAvg|Peergrouprank-Inception|Noofinvestmentsrankedinpeergroup-Inception|Peergroupquartile-Inception|Peergrouppercentile-Inception|Incep2p.a.SectorAvg|Incep2p.a.Rnk|Incep2p.a.Tot|Incep2p.a.Qtl|Incep2p.a.Ptl|Incep3p.a.SectorAvg|Incep3p.aRnk|Incep3p.aTot|Incep3p.a.Qtl|Incep3p.a.Ptl|ValuationDate|Group/Investment|
|31/08/2020|MYGEQF21234|-0.2400000000000000|1||||12.05000000000000|4|6|5|42|10.97000000000000|7|9|8|43||||||6.120000000000000|13|15|14|45|-0.05000000000000000|61|63|62|48|-0.02000000000000000|16|18|17|49|3.380000000000000|19|21|20|50|4.720000000000000|22|24|23|51||26|28|27|52|||||||||||31/08/2020|PRUlink Golden Equity II|
|null|null|null|null|null|null|null|null|null|null|null|null|null|null|null|null|null|null|null|null|null|null|null|null|null|null|null|null|null|null|null|null|null|null|null|null|null|null|null|null|null|null|null|null|null|null|null|null|null|null|null|null|null|null|null|null|null|null|null|null|null|null|null|null|
