START-OF-FILE
RUNDATE=20180831
REPLYFILENAME=gs_secmaster00001179.out
FIRMNAME=dl790188
DATEFORMAT=yyyymmdd
PROGRAMNAME=getdata
PROGRAMFLAG=adhoc
SECMASTER=yes
CREDITRISK=yes
FUNDAMENTALS=yes
CLOSINGVALUES=yes
PRICING=yes
DERIVED=yes
START-OF-FIELDS
ID_BB_GLOBAL
ID_ISIN
ID_SEDOL1
ID_CUSIP
TICKER
MARKET_SECTOR_DES
EXCH_CODE
SECURITY_NAME
ID_BB_COMPANY
LONG_COMP_NAME
ID_BB_PARENT_CO
LONG_PARENT_COMP_NAME
REPLICATION_STRATEGY
RTG_CRIS
CRIS_EFF_DT
RTG_ICRA
ICRA_EFF_DT
TRIS_COMPANY_RATING
RTG_TRIS_COMPANY_RATING_DT
RTG_TRIS
TRIS_EFF_DT
RTG_PEF
PEFINDO_EFF_DT
RTG_MARC
MARC_EFF_DT
RTG_RAM
RAMB_EFF_DT
RTG_CHENGXIN
RTG_CHENGXIN_EFF_DT
RTG_DAGONG
RTG_DAGONG_EFF_DT
RTG_LIANHE
RTG_LIANHE_EFF_DT
SECURITY_TYP
END-OF-FIELDS

TIMESTARTED=Fri Aug 31 23:16:26 JST 2018
START-OF-DATA
TH0355039601 Corp|0|34|BBG006LJBKC1|TH0355039601|BNB6ZD5|EK3180438|PTTEPT|Corp|NOT LISTED|PTTEPT 4.82 06/06/29|128581|PTT Exploration & Production PCL|173847|PTT PCL| |N.A.|N.A.|N.A.|N.A.|AAA|20060316|AAA|20140530|N.A.|N.A.|N.A.|N.A.|N.A.|N.A.|N.A.|N.A.|N.A.|N.A.|N.A.|N.A.|DOMESTIC|
TH0834035907 Corp|0|34|BBG009YNSMY6|TH0834035907|BYWKB13|UV7737306|COGEN|Corp|NOT LISTED|COGEN 3.95 09/03/25|9588921|Glow Energy PCL|186694|Engie Global Developments BV| |N.A.|N.A.|N.A.|N.A.|N.A.|20180622|AA- *|20180622|N.A.|N.A.|N.A.|N.A.|N.A.|N.A.|N.A.|N.A.|N.A.|N.A.|N.A.|N.A.|DOMESTIC|
TH0834036509 Corp|0|34|BBG00CWTPS87|TH0834036509|BF3CT99|LW1110094|COGEN|Corp|NOT LISTED|COGEN 2.81 05/18/26|9588921|Glow Energy PCL|186694|Engie Global Developments BV| |N.A.|N.A.|N.A.|N.A.|N.A.|20180622|AA+ *+|20180622|N.A.|N.A.|N.A.|N.A.|N.A.|N.A.|N.A.|N.A.|N.A.|N.A.|N.A.|N.A.|DOMESTIC|
TH035503T608 Corp|0|34|BBG006LJB8Z3|TH035503T608|BQN1KN4|EK3180016|PTTEPT|Corp|NOT LISTED|PTTEPT 3.91 06/06/19|128581|PTT Exploration & Production PCL|173847|PTT PCL| |N.A.|N.A.|N.A.|N.A.|AAA|20060316|AA+*-|20140530|N.A.|N.A.|N.A.|N.A.|N.A.|N.A.|N.A.|N.A.|N.A.|N.A.|N.A.|N.A.|DOMESTIC|
END-OF-DATA
TIMEFINISHED=Fri Aug 31 23:17:06 JST 2018
END-OF-FILE
