begin 600 gs_credtrisk00017928.out
MK0-5T4 2ZFG8^-;GRU13COG ;CL0,16KQ7)9.KQM9,KG7.2>*7]RJQ<?UY<>
M^HL8[MQDQ@1)8FQ\>UWV>??%Y+D 5.F#=FW;[2LU*<CS!0'WZ8N5C^^HJ:(G
MR1*][3,H\W6Q1&?:96"%Z]P;P7X;5*>]E16U8U1.[&2+1TSUE\Z6J5QVT,LZ
M+#G"["D.^_GMT704 //9M*[V#@BNLG0]=[+) 1)%N]=N MN?5F>'@& '\W]T
M'04 !*L&#9;D5/1+"B54TH9A=6@0B0H*%$U*+C%O"!67[OO:&]HG2O!6:^')
MC%^/16S;B!$[JI.,A2U,!/]T6+71 Y;, S- J" Y8\*F'UK]+E(Q8>NEX=F]
MCI6F.4#"%3O7P_=8/GHLON<.R^EU"Q#N8=%EMLYK]DD( (.*@;..S*!I -2?
MK*GY)[Z5J[6LG%60R34CYT+[>R>\0\G0E"BI*#.^I+'J#2!^$>1GT'4N ORS
M0HL*:][W@$O7R8=94ONDW6,?5(M)JB'G-U^&'K:2C,-FQ?F5C&IAW.8O"7JX
M^=21Y7X]N5?X&(2*3,>(9C<_)XHVH1:SLGLJT:]J).ZP&;X!JCC2-/.X6Z#$
M$7N!J(:AI;S,H+X<#>-/KQ>6QT.+L?'%7%IGRC^6LJFV4)F8=@: <%XV9$UK
ML0]$PHM+]M8@Q _Y;#DE2'CD(65*%>^>;B<5.<AD*4K#4O<D!-!P?./F6')6
MJ/ R[?C/XZMT$4X_4;L6&-&FA8#2OCM$CYG<7#4ZP3=E\]L7+)>PH<Y%3#7)
M3 ^F %@;]*(A%RAFCH64/"[I0/P8ZOWZ',W3&ZJ>_D'BL\\-0?^'0T@-M$%Y
MPFU\XIU&X)@D#JK^OQUO:[!3/-.TZ,:00'HD^>F5J[*86:>[!;*[VV68<V>L
M]1T<:).*OH,O)B*5**!_EIKFLO\O3Q9G/6.U?@;U_1O]*#%8>FYY+LFNU43A
M0!51S(] CYUO*FBB1F\=FDQK6(X#U7NZ?!8I( 4!+,1T*@;5NY@5/"302J!4
MW2V*\,EAY7?%U\12G,1E'>1Z*/X',0[B^:K#9^]*W9N.A_V,B[C 'WWU;DJN
M@<S78$1:*1_>=OL5$#@J1B#215K=M)\5"A:'K@(X>562A1C\=JBB*V67[-GH
M?^V%@583;OD=N@K$0W@D15R*7I<O.,W0O_K*]C[A0[#; -<(!.PU7J\IPQ!L
ML9(2]\8%Z:TNK(JEJLL6,AKK7%@AT3>@[DDTE_L9'@0/6V:L^-%RP<EI,-%/
M"W8ZHC?M;U7N;^.54H30S[@7],/,MERA8 YM-]X?O&4MZ7X\!S<5%AZ.I_TM
MC'7J287C^@1I2NG!_TR(HGR,A9S;M N,;I])O&(P(J9&_X+=1D?&78!OC1IN
M +J+O 8XU HL)QV::Q4D.TKO9VQP=-6)CDEPIBFNINEP+A,_MR<U0,\^SZ^"
MIF(;,X+02O:IJ^]R.-@'LG'*N[-B#0!>*+.XTT:Q[W,X50#5CCM98<?26M6X
M88H,54&6H1I]&A5F0VG6IZLV^(@UCJSS%3\79]J7MBL#LHI]Q6'V';:I/ZY-
M&26[@%0 9JL$8U=.FR@YJ B)T,=>*8E[R!_$_K1:RH_F^)"<PDOIA)E,+W);
MJ;NC'<3VXKB(,Q)C D54DV Q]_WNYIJ" Z.<TQ,/AM449J=<V-7>J62&C2/.
M^?_Q1B)K=K>J^.VDYW!!,Q<5.V]&YQSIT.^F4( G6.&;(<XGV#41Q#1OI7MB
M)28D>YEE*=X*U7WFM["TGYS1=<^(1$$9,(C$#/2D/ =MP<!,1FTB:^TK />#
M\* <C7 2VV?Y/B8ZTYPXI%D+^<97L1P;CA2+&ZFH6?GX[=D#7@[UY0V]8/7C
M&(?@FA[ +0?.GZN-X;,=%$&RPJ8I3\+$A:C' T?W_W]=/OQUTETQ%FR#._)2
MSNR4&7N#\.K8.9"*#2'2Z5T7:[D*N\Z<DQ9M<X_:V%NI,G M'.(6@WD_(+)P
M#\I*;\? =9]IO7F4N\I2:V>Q %#)F^FXEOE_4/]L[\D1M:T7$>[V\BLK2Q1T
M1*[8T$@YB:F6O4J/O[7*_<3Y'O]('&*LE)1\F5BX_RB/XA[.?"#13V4/VG+F
M*W0>8%S%.R%9G_3+<@9K\)!($)#7)G3DRHM\>K?RWH!S_!4TP3)3$D" 36Z(
M0':\+ZRNWNP$HVKIAV7!!3ZBJU!$=(]%4.'A,,KNB9K!^'\Q)_6+)-E 38@I
MG-/P!?(,4XWLCZ;*./H/8+%M\H81U/*>="CS"$R]WX2HTMR54Z%F.I1W%[VY
"N>  
 
end
