begin 600 gs_fundte_4135_002.out
MK0-5T4 2ZFG8^-;GRU13COG ;CL0,16K^.M4R9A\,/ML\BA;=CXXE"3-U(/C
MA'HO;C#3^^X'5_U*RZ<+;FP TW0.3(:FK;M)+E^#.;FN[,*W4I),Q?UZP@*L
M;KV=AX"1#Q$"(:5B[E9W4"K^*)CC(;JX^N=9\9[%R-0)-4DSY7E[@*@\[#J_
M\+$&?;#Y6@>$:PQ"#2:@&@,O]A-]^L%WU82S!S 0*ZW__9#8,>1LR%(FO440
M6\02@ L9*TNYAPY(M3<((5RAFF)' "1F4(>B!/-5-5D 4Q23V<2%PW@W:]N]
M"[PK 7,N^I__D+>P'_R7,<8.IM@<WKC.45T=,/I(M#*KFAYN+JI2(4A>#?5$
M&RIA];#2=10"ZH7NF2(S,BD=J;'C-Y0YK%M< /O*ARDD#_6;29:1$ B>U-\W
M'=U/0%^-A#L.-J":F[VNO_.C0--*'K/FU"M\$;<&!=,]!J_,?9 D+6= ;1O 
M7M\A^I\H+PJNYO(BI9HAYR#W]Y2@*Z'0#:B.&AZ@2@I?5$/Q2!"6=7@6>.*B
M/(:0[@\/C,_(R9/BSVO'\IS&1$:[B@26)4X_98W%8-OSC4!4MQ?;7]7HE"^M
MYG<FBQ>.ZOJM!$W'=6ED4SW69E,] PYSN$QM0W4P3PV:R'K'H'3_C\[MNN&<
M,]_1VD\?:I#A'-U(JFT#6!2!=XNI/7)9S3PF)+*%-4S<*I8>Y1ZNUF;L 9EN
MON-M)Z-O@>9O/'_\8Z#?;C N;F21Y8SEO#*C.E841H[],V!(?T!,R=P1H9'N
MY.S %T5#AVIRX"++/G^E<*WPA9D7Y9KQ"CO?,4(@YR9S<6G.=-W'[#"Y,NX,
MH@KQIG]]DYP(36B7THU:R@?F-B/9Q/LFD- C3&I;.3(+>V"&TM=4RF#@DXQ4
M'GOU6:5C0$+%?@Y-X%+O>KMZ+LG#?OPH$S5O)GG[[=H5IZ?/X:R$8]NLI[?E
MX%ZN5( 1>WQ^90SUE/Y$3!NVVR2OM]JDDY#^N1U9%MIZA( 'D6:L!N,#03(T
M;K.I/?+$964ZH_<7I#B:0BSC8>PBWB_K-#I-AJ )7_&O\I4KQ&FY(J]&1D5C
M%/%MU:TXW6$BEE)#O+AU+X/R@O'$ Q4T5'6P, @K)*L:RZ7P\#P%8RG(*;N]
M?_UIW8F)Z@0+#H_AG][U'W0?1#J]#GY#/I-.$!1MDZ%$L.\I/!S'&ZP%%OF_
M(C"Q>)E8[@1QR):Z"\1</2HS%L%;CP9U&Y7&Q,F><U89]^]7CPA>$R\=5E5Q
MSZX@$GA,-2="/!/% *1U;!I_5%\/Z;=C+P9HD2(+]^H!UII:K-0@W6RL^?*R
M)^70+C74AV E/2/(-%-RA4OFCY9H?G<:O0H@^94A,PEA"+,[Q=7E%5-YUSRB
517T%V U;O*+U :B]_-^B ?1&SB7"
 
end
