<header>ESIPME_TRN_yyyymmdd_${BATCH_NUMBER}.out|${BATCH_NUMBER}||Netik Outbound|CR Transaction|ES|N|DP.SPO_CR_TRANSACTION|SOURCE_ID,ORG_ID,INSTR_ID,ACCT_ID,ACCT_NAME,INQUIRY_BASIS,BNP_SOURCE_TRAN_ID,BNP_SOURCE_TRAN_EV_ID,SETT_INSTR_ID,CLIENT_DEAL_REF,NOMINAL,TRAN_TYPE_CODE,TRAN_TYPE_DESC,PRICE_L,INTEREST_RATE,TRADE_DATE,SETT_DATE,SETT_CCY,NET_SETT_AMT_S,NOTES,ENTRY_DATE,CANCEL_DATE,CANCEL_IND,BACKDATED_IND,STATUS,TRAN_CATEGORY_DESC,ISSUE_CCY,COMMISSION_L,COMMISSION_P,NET_SETT_AMT_L,NET_SETT_AMT_P,GROSS_TRADE_AMT_P,GROSS_TRADE_AMT_L,ORIG_QUANTITY,ACCRUED_INC_L,ACCRUED_INC_P,ACCRUED_INC_DAYS,BNP_TRD_TRAN_ID,TRAN_CATEGORY_CODE,BNP_MARKET_IMPACT_CODE,BNP_MARKET_IMPACT_DESC,BNP_CASH_IMPACT_CODE,BNP_CASH_IMPACT_DESC,BNP_STOCK_IMPACT_CODE,BNP_STOCK_IMPACT_DESC,EXPENSES_L,EXPENSES_P,MATURITY_DATE,BNP_DWH_TRAN_ID,BNP_SOURCE_ASS_ORD_ID,BNP_SOURCE_ASS_TRAN_ID,DWH_EXTRACT_BATCHID,DWH_LAST_UPD_TMS,VALN_DATE,VALN_POINT,OPEN_CLOSE_IND,ENTITLEMENT_NOMINAL,DIVIDEND_RATE,GROSS_INC_AMT_L,GROSS_INC_AMT_P,GROSS_INC_AMT_S,INC_TAX_CREDIT_AMT_L,INC_TAX_CREDIT_AMT_P,INC_TAX_CREDIT_AMT_S,INC_TAX_AMT_L,INC_TAX_AMT_P,INC_TAX_AMT_S,EXPENSES_TAXES_L,EXPENSES_TAXES_P,EXPENSES_STAMPDUTY_L,EXPENSES_STAMPDUTY_P,EXPENSES_CLEARINGFEES_L,EXPENSES_CLEARINGFEES_P,EXPENSES_MISCEXPENSES_L,EXPENSES_MISCEXPENSES_P,HIP_BROKER_CODE,HIP_BROKER_NAME,SOURCE_TRAN_CATEGORY_CODE,SOURCE_TRAN_TYPE_CODE,BOOK_COST_L,BOOK_COST_P,SOURCE_UNITS,INC_WHTTAX_AMT_L,INC_WHTTAX_AMT_P,INC_WHTTAX_AMT_S,REC_WHT_AMT_L,REC_WHT_AMT_P,REC_WHT_AMT_S,FORWARD_FX_RATE,BNP_CA_TRAN_ID,FUTURES_GROSS_TRADE_AMT_L,FUTURES_GROSS_TRADE_AMT_P,FUTURES_NET_TRADE_AMT_L,FUTURES_NET_TRADE_AMT_P,HIP_CASH_ANALYSIS_CODE,HIP_CASH_ANALYSIS_CODE_DESC,DWH_EXTRACT_TMS,PFOLIO_CCY,SETTLE_EXCHANGE_RATE,TRAN_EXCHANGE_RATE,SOURCE_INSTR_ID,SOURCE_SETT_INSTR_ID,SOURCE_BNP_CASH_IMPACT_CODE,SOURCE_BNP_CASH_IMPACT_DESC,ASSET_TYPE,SOURCE_GROSS_INC_AMT_L,SOURCE_GROSS_INC_AMT_P,SOURCE_INC_TAX_AMT_L,SOURCE_INC_TAX_AMT_P,SOURCE_INC_WHTTAX_AMT_L,SOURCE_INC_WHTTAX_AMT_P,SOURCE_NET_SETT_AMT_L,SOURCE_NET_SETT_AMT_P,REALISED_PL_L,REALISED_PL_P,REALISED_PL_FX_P,REALISED_PL_MKT_P,CASH_COST_P,INT_TO_MATURITY_L,INT_TO_MATURITY_P,PERIOD_FROM_DATE,PERIOD_TO_DATE|20</header>
HIPORTUK|ESI|MD_142137|ANARMF|ASIA REIT MASTER FUND SERIES I X OF KOKUSAI TRUST|13|1336084|C1336084A|MD_142137|||CCRE|CAPITAL CREATION|||${PREV_ME_LAST_BD}|${ME_LAST_BD}|JPY|24611152|Div reinvestment  04/02/2020 08:03 CP|${ME_LAST_BD} 02:42:00||N|Y|C|CASH|JPY|0|0|24611152|24611152||||0|0|||CASH|OFF|OFF MARKET|C|CREDIT|N|NO IMPACT|0|0||398001164||1236064|${BATCH_NUMBER}|${ME_LAST_BD} 02:48:19|${ME_DATE}|20||||0|0|0|0|0||0|0|0|||0|0|||||||||0|0||0|0|0|0|0||0.000000||||||SGINFL||${PREV_ME_LAST_BD} 02:48:19|JPY|1.000000|1.000000|||||ACCOUNT|||||||||0|0|0|0|0|||${MS_DATE}|${ME_DATE}
HIPORTUK|ESI|MD_142224|ANARMF|ASIA REIT MASTER FUND SERIES I X OF KOKUSAI TRUST|13|1329106|C1329106A|MD_142224|||FXPL|FX PROFIT & LOSS|||${ME_LAST_BD}|${ME_LAST_BD}|USD|-21458.56|Pn L ${PREV_ME_LAST_BD} 08:35 CP|${PREV_ME_LAST_BD} 03:16:00||N|N|C|CASH|USD|0|0|-21458.56|-2332008.99||||0|0|||CASH|OFF|OFF MARKET|D|DEBIT|N|NO IMPACT|0|0||397430166||1229766|${BATCH_NUMBER}|${PREV_ME_LAST_BD} 03:23:37|${ME_DATE}|20||||0|0|0|0|0||0|0|0|||0|0|||||||||0|0||0|0|0|0|0||0.000000||||||FXLOSS||${PREV_ME_LAST_BD} 03:23:37|JPY|1.000000|108.674999|||||ACCOUNT|||||||||0|0|0|0|0|||${MS_DATE}|${ME_DATE}
HIPORTUK|ESI|MD_142137|ANARMF|ASIA REIT MASTER FUND SERIES I X OF KOKUSAI TRUST|13|1345203|C1345203A|MD_142137|||CLIQ|CAPITAL LIQUIDATION|||${ME_LAST_BD}|${ME_LAST_BD}|JPY|-10000|TRANSFORMER-CONFIRMED-REDEMPTION-BBH-06022020|${ME_LAST_BD} 10:44:00||N|N|C|CASH|JPY|0|0|-10000|-10000||||0|0|||CASH|OFF|OFF MARKET|D|DEBIT|N|NO IMPACT|0|0||398678993||1244201|${BATCH_NUMBER}|${ME_LAST_BD} 10:51:49|${ME_DATE}|20||||0|0|0|0|0||0|0|0|||0|0|||||||||0|0||0|0|0|0|0||0.000000||||||SGOUFL||${ME_LAST_BD} 10:51:49|JPY|1.000000|1.000000|||||ACCOUNT|||||||||0|0|0|0|0|||${MS_DATE}|${ME_DATE}
