<header>001_ME_POS.out|1106858|N|Netik Outbound|CR Position|ES|N|DP.SPO_CR_POSITION_CLI|SOURCE_ID,ORG_ID,INSTR_ID,ASSET_TYPE,ACCT_ID,ACCT_NAME,VALN_DATE,RUN_DATE,VALN_POINT,INQUIRY_BASIS,PK_ID,PFOLIO_CCY,ISSUE_CCY,LONG_SHORT_IND,BALANCE_TYPE,VALUATION_P,VALUATION_L,BOOK_COST_P,BOOK_COST_L,ACCRUED_INC_P,ACCRUED_INC_L,NOMINAL,PRICE_L,PRICE_DATE,MATURITY_DATE,DEAL_DATE,INTEREST_RATE,TERM_DAYS,ACCRUED_INC_DAYS,PRICING_FACTOR,DWH_EXTRACT_BATCHID,DWH_LAST_UPD_TMS,PRICE_POLICY_CODE,ORIG_QUANTITY,UNREALISED_PL_L,UNREALISED_PL_P,UNREALISED_PL_FX_P,UNREALISED_PL_MKT_P,VALUATION_CAP_L,VALUATION_CAP_P,PRICE_BASIS,EXCHANGE_RATE,VALUATION_WEIGHT,PRICE_P,TOTAL_VALUATION_P,HIP_BROKER_CODE,TRAN_ID,PERIOD_FROM_DATE,PERIOD_TO_DATE|20</header>
HIPORTUK|ESI|MD_146755|STOCK|AYAWAN|EPFBOARDPRUL ALWARA AMNGTBHD |${VALN_DATE}|${RUN_DATE} 13:42:26|20|13|HIPORTUK~ESI~MD_146755~AYAWAN~31-AUG-19~~24:00:00~1106569~~~0|USD|KRW|L||1610710.79|1950973500|2204665.61|2378197048.98|||7851|248500.000000|${VALN_DATE}||||||1|1106569|${RUN_DATE} 11:24:55||0|-427223548.98|-593954.82|-241241.89|-352712.93|1950973500|1610710.79|T|.000826|1.5|205.261000|107301476.76|||${START_DATE}|${LAST_DATE}
HIPORTUK|ESI|MD_637025|STOCK|AHPPAX|PHKL ASIAN XOVER FUND |${VALN_DATE}|${RUN_DATE} 20:06:47|20|13|HIPORTUK~ESI~MD_637025~AHPPAX~30-APR-20~~24:00:00~1495821~~~0|USD|USD|L||30000200|30000200|30000000|30000000|200.00|200.00|30000000|100.000000|${VALN_DATE}||||||.01|1495821|${RUN_DATE} 08:46:49||0|0|0|0|0|30000000|30000000|F|1|2.4|100.000000|1248869861.08|||${START_DATE}|${LAST_DATE}