<header>ESISODP_SEC_3_20190226_4903493.out|4903493||Netik Outbound|Asset|ES|N|DP.SPO_SOD_ASSETS|SOURCE_ID|INSTR_ID|INSTR_LONG_NAME|INSTR_SHORT_NAME|INSTR_TYPE|COUPON_TYPE|ISSUE_CCY|TRADEABLE_QTY|FUTURE_MULTIPLE|COUNTRY_OF_RISK|COUPON_FREQUENCY|COUPON_RATE|CUSIP|DAY_COUNT_BASIS|FUTURES_DELIVERY_DATE|EX_DIVIDEND_IND|EXPIRY_DATE|EXPOSURE_CCY|FIRST_COUPON_DATE|FIXED_FLOATING_IND|ISIN|COUNTRY_OF_ISSUE|ISSUE_DATE|ISSUE_INT_RATE|LAST_COUPON_DATE|MATURITY_DATE|NEXT_COUPON_DATE|PRIMARY_EXCHANGE|FACTOR|FACTOR_EFF_DATE|PUT_CALL_IND|SEDOL|SINKING_FUND_IND|STRIKE_PRICE_L|SWAP_LEG_IND|LINK_INSTR_ID|HIP_SECURITY_CODE|GL_TYPE|CATEGORY|SUB_CATEGORY|DWH_EXTRACT_BATCHID|DWH_LAST_UPD_TMS|EX_CUM_IND|CLEARED_OTC_FLAG|CCP_CLEARING_HOUSE_CODE|CCP_CLEARING_MEMBER_CODE|HIP_EXT2_ID|BLOOMBERG_GLOBAL_ID|INDEX_RATIO|HIP_BROKER_CODE|HIP_BROKER_NAME|EXCHANGE_TICKER|HIP_INDEX_CODE|INTEREST_MARGIN|REGISTRATION_TYPE|DEFAULT_STATUS|FIRST_PRIN_DATE|FX_OPTION_CONTRA_CCY|3</header>
HIPORTUK|MD_508307|EUX EURO SCHATZ MAR19 FUTURE (EXP 07/03/19)|FGBS  MAR19 FUTURE|IFFDPSXXXL||EUR||1000|DE|||||2019-MAR-07|||EUR|||DE000C2E8S07|DE||||||XEUR|||||||||FGBS19H||||4903493|2019-FEB-09 07:55:35||||WFO|DUH920191|BBG00L44S3Z5||||||0||||
