<header>ESISODP_SEC_1_20181106_4548564.out|4548564||Netik Outbound|Asset|ES|N|DP.SPO_SOD_ASSETS|SOURCE_ID|INSTR_ID|INSTR_LONG_NAME|INSTR_SHORT_NAME|INSTR_TYPE|COUPON_TYPE|ISSUE_CCY|TRADEABLE_QTY|FUTURE_MULTIPLE|COUNTRY_OF_RISK|COUPON_FREQUENCY|COUPON_RATE|CUSIP|DAY_COUNT_BASIS|FUTURES_DELIVERY_DATE|EX_DIVIDEND_IND|EXPIRY_DATE|EXPOSURE_CCY|FIRST_COUPON_DATE|FIXED_FLOATING_IND|ISIN|COUNTRY_OF_ISSUE|ISSUE_DATE|ISSUE_INT_RATE|LAST_COUPON_DATE|MATURITY_DATE|NEXT_COUPON_DATE|PRIMARY_EXCHANGE|FACTOR|FACTOR_EFF_DATE|PUT_CALL_IND|SEDOL|SINKING_FUND_IND|STRIKE_PRICE_L|SWAP_LEG_IND|LINK_INSTR_ID|HIP_SECURITY_CODE|GL_TYPE|CATEGORY|SUB_CATEGORY|DWH_EXTRACT_BATCHID|DWH_LAST_UPD_TMS|EX_CUM_IND|CLEARED_OTC_FLAG|CCP_CLEARING_HOUSE_CODE|CCP_CLEARING_MEMBER_CODE|HIP_EXT2_ID|BLOOMBERG_GLOBAL_ID|INDEX_RATIO|HIP_BROKER_CODE|HIP_BROKER_NAME|EXCHANGE_TICKER|HIP_INDEX_CODE|INTEREST_MARGIN|REGISTRATION_TYPE|DEFAULT_STATUS|FIRST_PRIN_DATE|FX_OPTION_CONTRA_CCY|1</header>
HIPORTUK||GENERAL MILLS USD0.1|GENERAL MILLS COM|IESVUFRXXL||USD|100||US|||370334104|||N||USD|||US3703341046|US||||||XNYS||||2367026|||||GIS.N||||4910420|2019-FEB-09 07:55:36||||||BBG000BKCFC2||||||0|||||
HIPORTUK|MD_533414|ARCADYAN TECHNOLOGY CORP TWD10|ARCADYAN TWD10|IESVUFRXXL|||1000||TW||||||||TWD|||TW0003596003|TW||||||XTAI||||B28SKW1|||||XB28SKW1||||4903493|2019-FEB-27 00:32:27||||||BBG000CQ5VY7||||3596||0||||
HIPORTUK|MD_528347|FXS PAY 15/05/2023 BP M569 - 0.0000% USD/EUR|FXSBP M569 EU150523P|||EUR|1||E1|0|||ACT_360||||EUR|2023-MAY-15|FI||E1|2018-NOV-12|||2023-MAY-15|||||||||Payable|MD_528346|XXXM569P||||4903493|2018-NOV-29 23:53:53||N|||BPM220S03|||||||0||||
HIPORTUK|MD_485716|CAGAMAS MBS 4.17% 27/05/22 2007 1 6 MYR|CAGAMA 4.17% 22|IDAFSFRXXL|F|MYR|1000||MY|4|4.17||ACT_365||||MYR|2007-AUG-29||MYBPS0700144|MY|2007-MAY-29|||2022-MAY-27|2018-NOV-29|XXXX|1|||B1YW495|||||XB1YW495||||4548564|2018-AUG-31 00:48:08|C|||||BBG0000364Z9|0|||||0|||2007-AUG-29|
HIPORTUK|MD_513351|BANK PEMBANGUNAN MAL 7.5% 30/10/25 MYR|BANK 7.5% 25 MYR|IDBFXFRXXL|F|MYR|1000000||MY|2|7.5||ACT_365||||MYR|2001-APR-30||MYBPZ00197S6|MY|2000-OCT-30|||2025-OCT-30|2019-APR-30|XXXX||2018-OCT-30||6383051|||||X6383051||||4548564|2018-OCT-30 06:52:35|C|||||BBG00000DXN6|0|||||0|||2001-APR-30|
HIPORTUK|MD_519933|HONG KONG STOCK EXCHANGE NOV18 PUT10700 (EXP 29/11) HKD HKG|HSI   NOV18 PUT10700|BOPEIXXXXU||HKD|1||HK|||||||2018-NOV-29|HKD||||HK||||||XHKF|||P|||10700|||HSI18W10||||4428496|2018-SEP-24 11:21:05||||WFO|BRTLNB6H0|BBG00LLKP221||||||0||||
HIPORTUK|MD_501944|FXS PAY 21/09/2020 SC L987 - 0.0000% MYR/USD|FXSSC L987 US210920P|BVSBXXXXXU||USD|1||US|0|||ACT_360||||USD|2020-SEP-21|FI||US|2016-SEP-20|||2020-SEP-21|2020-SEP-21||||||||Payable|MD_501943|XXXL987P||||4548564|2018-APR-23 23:31:26|C|N|||||0|||||0||||
HIPORTUK|MD_549772|ES MBEMM SGD 1.48% 190322|MBEMM SGD 1.48% 1903|BDYFXXXXBU||SGD|1||SG||||ACT_365||||||||SG|2019-MAR-21|||2019-MAR-22|||||||||||XXXD0F96||||4972572|2019-MAR-21 03:15:29|||||BPM2JFXD89|||||||0||||
HIPORTUK|MD_149957|ITALY (REP OF) 5.75% 01/02/33 BTP EUR|ITALY 5.75 33 EUR|IDBFTFBXXL|F|EUR|1000||IT|2|||ACT_ACT||||EUR|2002-AUG-01||IT0003256820|IT|2002-FEB-01|||2033-FEB-01||XX||||7335318|||||BTPS331||||4903493|2019-FEB-27 04:49:11||||||BBG000071JV6||||||0||||
HIPORTUK|MD_142110|EURCapital Ac-CAPEUR|EURCapital Ac-CAPEUR|CCURCUR||EUR|||XX|||||||||||||||||||||||||||CAPEUR|C|CUR|CUR|4548564|2016-FEB-08 14:50:39||||||||||||||||
HIPORTUK|MD_148593|BANK DANAMON INDONESIA TBK NPV|BANK DANAMON IDR|IESVUFRXXL||IDR|100||SG||||||N||SGD|||ID1000094204|XX||||||XIDX||||6580034|||||BDMN.JK||||4548564|2018-NOV-06 00:31:12||||||BBG000BFRMS5||||BDMN||0||||
HIPORTUK|MD_457297|SARAWAK ENERGY 5.04% 25/04/31 IMTN MYR||SARAWAK 5.04% 31 MYR|IDBCXFRXXL|F|MYR|1000000||MY|2|5.04||ACT_365||||MYR|2016-OCT-25||MYBVS1601091|MY|2016-APR-25|||2031-APR-25|2019-APR-25|XXXX||||BD9YC07|N||||XBD9YC07||||4548564|2018-OCT-26 11:34:42|C|||||BBG00CR74Q51|0|||||0||
